Archive member included to satisfy reference by file (symbol)

C:/my_workspace/my_software/stm32cubeide/STM32CubeIDE_1.14.1/STM32CubeIDE/plugins/com.st.stm32cube.ide.mcu.externaltools.gnu-tools-for-stm32.11.3.rel1.win32_1.1.100.202309141235/tools/bin/../lib/gcc/arm-none-eabi/11.3.1/../../../../arm-none-eabi/lib/thumb/v7e-m+dp/hard\libc_nano.a(libc_a-exit.o)
                              C:/my_workspace/my_software/stm32cubeide/STM32CubeIDE_1.14.1/STM32CubeIDE/plugins/com.st.stm32cube.ide.mcu.externaltools.gnu-tools-for-stm32.11.3.rel1.win32_1.1.100.202309141235/tools/bin/../lib/gcc/arm-none-eabi/11.3.1/../../../../arm-none-eabi/lib/thumb/v7e-m+dp/hard/crt0.o (exit)
C:/my_workspace/my_software/stm32cubeide/STM32CubeIDE_1.14.1/STM32CubeIDE/plugins/com.st.stm32cube.ide.mcu.externaltools.gnu-tools-for-stm32.11.3.rel1.win32_1.1.100.202309141235/tools/bin/../lib/gcc/arm-none-eabi/11.3.1/../../../../arm-none-eabi/lib/thumb/v7e-m+dp/hard\libc_nano.a(libc_a-findfp.o)
                              ./Middlewares/Third_Party/FreeRTOS/Source/tasks.o (__sf)
C:/my_workspace/my_software/stm32cubeide/STM32CubeIDE_1.14.1/STM32CubeIDE/plugins/com.st.stm32cube.ide.mcu.externaltools.gnu-tools-for-stm32.11.3.rel1.win32_1.1.100.202309141235/tools/bin/../lib/gcc/arm-none-eabi/11.3.1/../../../../arm-none-eabi/lib/thumb/v7e-m+dp/hard\libc_nano.a(libc_a-fwalk.o)
                              C:/my_workspace/my_software/stm32cubeide/STM32CubeIDE_1.14.1/STM32CubeIDE/plugins/com.st.stm32cube.ide.mcu.externaltools.gnu-tools-for-stm32.11.3.rel1.win32_1.1.100.202309141235/tools/bin/../lib/gcc/arm-none-eabi/11.3.1/../../../../arm-none-eabi/lib/thumb/v7e-m+dp/hard\libc_nano.a(libc_a-findfp.o) (_fwalk_sglue)
C:/my_workspace/my_software/stm32cubeide/STM32CubeIDE_1.14.1/STM32CubeIDE/plugins/com.st.stm32cube.ide.mcu.externaltools.gnu-tools-for-stm32.11.3.rel1.win32_1.1.100.202309141235/tools/bin/../lib/gcc/arm-none-eabi/11.3.1/../../../../arm-none-eabi/lib/thumb/v7e-m+dp/hard\libc_nano.a(libc_a-puts.o)
                              ./Core/Src/freertos.o (puts)
C:/my_workspace/my_software/stm32cubeide/STM32CubeIDE_1.14.1/STM32CubeIDE/plugins/com.st.stm32cube.ide.mcu.externaltools.gnu-tools-for-stm32.11.3.rel1.win32_1.1.100.202309141235/tools/bin/../lib/gcc/arm-none-eabi/11.3.1/../../../../arm-none-eabi/lib/thumb/v7e-m+dp/hard\libc_nano.a(libc_a-stdio.o)
                              C:/my_workspace/my_software/stm32cubeide/STM32CubeIDE_1.14.1/STM32CubeIDE/plugins/com.st.stm32cube.ide.mcu.externaltools.gnu-tools-for-stm32.11.3.rel1.win32_1.1.100.202309141235/tools/bin/../lib/gcc/arm-none-eabi/11.3.1/../../../../arm-none-eabi/lib/thumb/v7e-m+dp/hard\libc_nano.a(libc_a-findfp.o) (__sread)
C:/my_workspace/my_software/stm32cubeide/STM32CubeIDE_1.14.1/STM32CubeIDE/plugins/com.st.stm32cube.ide.mcu.externaltools.gnu-tools-for-stm32.11.3.rel1.win32_1.1.100.202309141235/tools/bin/../lib/gcc/arm-none-eabi/11.3.1/../../../../arm-none-eabi/lib/thumb/v7e-m+dp/hard\libc_nano.a(libc_a-wbuf.o)
                              C:/my_workspace/my_software/stm32cubeide/STM32CubeIDE_1.14.1/STM32CubeIDE/plugins/com.st.stm32cube.ide.mcu.externaltools.gnu-tools-for-stm32.11.3.rel1.win32_1.1.100.202309141235/tools/bin/../lib/gcc/arm-none-eabi/11.3.1/../../../../arm-none-eabi/lib/thumb/v7e-m+dp/hard\libc_nano.a(libc_a-puts.o) (__swbuf_r)
C:/my_workspace/my_software/stm32cubeide/STM32CubeIDE_1.14.1/STM32CubeIDE/plugins/com.st.stm32cube.ide.mcu.externaltools.gnu-tools-for-stm32.11.3.rel1.win32_1.1.100.202309141235/tools/bin/../lib/gcc/arm-none-eabi/11.3.1/../../../../arm-none-eabi/lib/thumb/v7e-m+dp/hard\libc_nano.a(libc_a-wsetup.o)
                              C:/my_workspace/my_software/stm32cubeide/STM32CubeIDE_1.14.1/STM32CubeIDE/plugins/com.st.stm32cube.ide.mcu.externaltools.gnu-tools-for-stm32.11.3.rel1.win32_1.1.100.202309141235/tools/bin/../lib/gcc/arm-none-eabi/11.3.1/../../../../arm-none-eabi/lib/thumb/v7e-m+dp/hard\libc_nano.a(libc_a-puts.o) (__swsetup_r)
C:/my_workspace/my_software/stm32cubeide/STM32CubeIDE_1.14.1/STM32CubeIDE/plugins/com.st.stm32cube.ide.mcu.externaltools.gnu-tools-for-stm32.11.3.rel1.win32_1.1.100.202309141235/tools/bin/../lib/gcc/arm-none-eabi/11.3.1/../../../../arm-none-eabi/lib/thumb/v7e-m+dp/hard\libc_nano.a(libc_a-memset.o)
                              C:/my_workspace/my_software/stm32cubeide/STM32CubeIDE_1.14.1/STM32CubeIDE/plugins/com.st.stm32cube.ide.mcu.externaltools.gnu-tools-for-stm32.11.3.rel1.win32_1.1.100.202309141235/tools/bin/../lib/gcc/arm-none-eabi/11.3.1/../../../../arm-none-eabi/lib/thumb/v7e-m+dp/hard/crt0.o (memset)
C:/my_workspace/my_software/stm32cubeide/STM32CubeIDE_1.14.1/STM32CubeIDE/plugins/com.st.stm32cube.ide.mcu.externaltools.gnu-tools-for-stm32.11.3.rel1.win32_1.1.100.202309141235/tools/bin/../lib/gcc/arm-none-eabi/11.3.1/../../../../arm-none-eabi/lib/thumb/v7e-m+dp/hard\libc_nano.a(libc_a-closer.o)
[...]
Memory Configuration

Name             Origin             Length             Attributes
RAM              0x0000000020000000 0x0000000000080000 xrw
FLASH            0x0000000008000000 0x0000000000100000 xr
*default*        0x0000000000000000 0xffffffffffffffff

Linker script and memory map

LOAD C:/my_workspace/my_software/stm32cubeide/STM32CubeIDE_1.14.1/STM32CubeIDE/plugins/com.st.stm32cube.ide.mcu.externaltools.gnu-tools-for-stm32.11.3.rel1.win32_1.1.100.202309141235/tools/bin/../lib/gcc/arm-none-eabi/11.3.1/thumb/v7e-m+dp/hard/crti.o
LOAD C:/my_workspace/my_software/stm32cubeide/STM32CubeIDE_1.14.1/STM32CubeIDE/plugins/com.st.stm32cube.ide.mcu.externaltools.gnu-tools-for-stm32.11.3.rel1.win32_1.1.100.202309141235/tools/bin/../lib/gcc/arm-none-eabi/11.3.1/thumb/v7e-m+dp/hard/crtbegin.o
LOAD C:/my_workspace/my_software/stm32cubeide/STM32CubeIDE_1.14.1/STM32CubeIDE/plugins/com.st.stm32cube.ide.mcu.externaltools.gnu-tools-for-stm32.11.3.rel1.win32_1.1.100.202309141235/tools/bin/../lib/gcc/arm-none-eabi/11.3.1/../../../../arm-none-eabi/lib/thumb/v7e-m+dp/hard/crt0.o
LOAD ./Core/Src/delay.o
LOAD ./Core/Src/dma.o
LOAD ./Core/Src/freertos.o
LOAD ./Core/Src/gpio.o
LOAD ./Core/Src/main.o
LOAD ./Core/Src/quadspi.o
LOAD ./Core/Src/reprintf.o
LOAD ./Core/Src/stm32f7xx_hal_msp.o
LOAD ./Core/Src/stm32f7xx_hal_timebase_tim.o
LOAD ./Core/Src/stm32f7xx_it.o
LOAD ./Core/Src/syscalls.o
LOAD ./Core/Src/sysmem.o
LOAD ./Core/Src/system_stm32f7xx.o
LOAD ./Core/Src/usart.o
LOAD ./Core/Src/w25q256.o
LOAD ./Core/Startup/startup_stm32f767igtx.o
LOAD ./Drivers/STM32F7xx_HAL_Driver/Src/stm32f7xx_hal.o
LOAD ./Drivers/STM32F7xx_HAL_Driver/Src/stm32f7xx_hal_cortex.o
LOAD ./Drivers/STM32F7xx_HAL_Driver/Src/stm32f7xx_hal_dma.o
LOAD ./Drivers/STM32F7xx_HAL_Driver/Src/stm32f7xx_hal_dma_ex.o
LOAD ./Drivers/STM32F7xx_HAL_Driver/Src/stm32f7xx_hal_exti.o
LOAD ./Drivers/STM32F7xx_HAL_Driver/Src/stm32f7xx_hal_flash.o
LOAD ./Drivers/STM32F7xx_HAL_Driver/Src/stm32f7xx_hal_flash_ex.o
LOAD ./Drivers/STM32F7xx_HAL_Driver/Src/stm32f7xx_hal_gpio.o
LOAD ./Drivers/STM32F7xx_HAL_Driver/Src/stm32f7xx_hal_i2c.o
LOAD ./Drivers/STM32F7xx_HAL_Driver/Src/stm32f7xx_hal_i2c_ex.o
LOAD ./Drivers/STM32F7xx_HAL_Driver/Src/stm32f7xx_hal_pwr.o
LOAD ./Drivers/STM32F7xx_HAL_Driver/Src/stm32f7xx_hal_pwr_ex.o
LOAD ./Drivers/STM32F7xx_HAL_Driver/Src/stm32f7xx_hal_qspi.o
LOAD ./Drivers/STM32F7xx_HAL_Driver/Src/stm32f7xx_hal_rcc.o
LOAD ./Drivers/STM32F7xx_HAL_Driver/Src/stm32f7xx_hal_rcc_ex.o
LOAD ./Drivers/STM32F7xx_HAL_Driver/Src/stm32f7xx_hal_tim.o
LOAD ./Drivers/STM32F7xx_HAL_Driver/Src/stm32f7xx_hal_tim_ex.o
LOAD ./Drivers/STM32F7xx_HAL_Driver/Src/stm32f7xx_hal_uart.o
LOAD ./Drivers/STM32F7xx_HAL_Driver/Src/stm32f7xx_hal_uart_ex.o
LOAD ./Middlewares/Third_Party/FreeRTOS/Source/CMSIS_RTOS/cmsis_os.o
LOAD ./Middlewares/Third_Party/FreeRTOS/Source/croutine.o
LOAD ./Middlewares/Third_Party/FreeRTOS/Source/event_groups.o
LOAD ./Middlewares/Third_Party/FreeRTOS/Source/list.o
LOAD ./Middlewares/Third_Party/FreeRTOS/Source/queue.o
LOAD ./Middlewares/Third_Party/FreeRTOS/Source/stream_buffer.o
LOAD ./Middlewares/Third_Party/FreeRTOS/Source/tasks.o
LOAD ./Middlewares/Third_Party/FreeRTOS/Source/timers.o
LOAD ./Middlewares/Third_Party/FreeRTOS/Source/portable/GCC/ARM_CM7/r0p1/port.o
LOAD ./Middlewares/Third_Party/FreeRTOS/Source/portable/MemMang/heap_4.o
START GROUP
LOAD C:/my_workspace/my_software/stm32cubeide/STM32CubeIDE_1.14.1/STM32CubeIDE/plugins/com.st.stm32cube.ide.mcu.externaltools.gnu-tools-for-stm32.11.3.rel1.win32_1.1.100.202309141235/tools/bin/../lib/gcc/arm-none-eabi/11.3.1/../../../../arm-none-eabi/lib/thumb/v7e-m+dp/hard\libc_nano.a
LOAD C:/my_workspace/my_software/stm32cubeide/STM32CubeIDE_1.14.1/STM32CubeIDE/plugins/com.st.stm32cube.ide.mcu.externaltools.gnu-tools-for-stm32.11.3.rel1.win32_1.1.100.202309141235/tools/bin/../lib/gcc/arm-none-eabi/11.3.1/../../../../arm-none-eabi/lib/thumb/v7e-m+dp/hard\libm.a
END GROUP
START GROUP
LOAD C:/my_workspace/my_software/stm32cubeide/STM32CubeIDE_1.14.1/STM32CubeIDE/plugins/com.st.stm32cube.ide.mcu.externaltools.gnu-tools-for-stm32.11.3.rel1.win32_1.1.100.202309141235/tools/bin/../lib/gcc/arm-none-eabi/11.3.1/thumb/v7e-m+dp/hard\libgcc.a
LOAD C:/my_workspace/my_software/stm32cubeide/STM32CubeIDE_1.14.1/STM32CubeIDE/plugins/com.st.stm32cube.ide.mcu.externaltools.gnu-tools-for-stm32.11.3.rel1.win32_1.1.100.202309141235/tools/bin/../lib/gcc/arm-none-eabi/11.3.1/../../../../arm-none-eabi/lib/thumb/v7e-m+dp/hard\libc_nano.a
END GROUP
START GROUP
LOAD C:/my_workspace/my_software/stm32cubeide/STM32CubeIDE_1.14.1/STM32CubeIDE/plugins/com.st.stm32cube.ide.mcu.externaltools.gnu-tools-for-stm32.11.3.rel1.win32_1.1.100.202309141235/tools/bin/../lib/gcc/arm-none-eabi/11.3.1/thumb/v7e-m+dp/hard\libgcc.a
LOAD C:/my_workspace/my_software/stm32cubeide/STM32CubeIDE_1.14.1/STM32CubeIDE/plugins/com.st.stm32cube.ide.mcu.externaltools.gnu-tools-for-stm32.11.3.rel1.win32_1.1.100.202309141235/tools/bin/../lib/gcc/arm-none-eabi/11.3.1/../../../../arm-none-eabi/lib/thumb/v7e-m+dp/hard\libc_nano.a
LOAD C:/my_workspace/my_software/stm32cubeide/STM32CubeIDE_1.14.1/STM32CubeIDE/plugins/com.st.stm32cube.ide.mcu.externaltools.gnu-tools-for-stm32.11.3.rel1.win32_1.1.100.202309141235/tools/bin/../lib/gcc/arm-none-eabi/11.3.1/../../../../arm-none-eabi/lib/thumb/v7e-m+dp/hard\libnosys.a
END GROUP
START GROUP
LOAD C:/my_workspace/my_software/stm32cubeide/STM32CubeIDE_1.14.1/STM32CubeIDE/plugins/com.st.stm32cube.ide.mcu.externaltools.gnu-tools-for-stm32.11.3.rel1.win32_1.1.100.202309141235/tools/bin/../lib/gcc/arm-none-eabi/11.3.1/thumb/v7e-m+dp/hard\libgcc.a
LOAD C:/my_workspace/my_software/stm32cubeide/STM32CubeIDE_1.14.1/STM32CubeIDE/plugins/com.st.stm32cube.ide.mcu.externaltools.gnu-tools-for-stm32.11.3.rel1.win32_1.1.100.202309141235/tools/bin/../lib/gcc/arm-none-eabi/11.3.1/../../../../arm-none-eabi/lib/thumb/v7e-m+dp/hard\libc_nano.a
LOAD C:/my_workspace/my_software/stm32cubeide/STM32CubeIDE_1.14.1/STM32CubeIDE/plugins/com.st.stm32cube.ide.mcu.externaltools.gnu-tools-for-stm32.11.3.rel1.win32_1.1.100.202309141235/tools/bin/../lib/gcc/arm-none-eabi/11.3.1/../../../../arm-none-eabi/lib/thumb/v7e-m+dp/hard\libnosys.a
END GROUP
LOAD C:/my_workspace/my_software/stm32cubeide/STM32CubeIDE_1.14.1/STM32CubeIDE/plugins/com.st.stm32cube.ide.mcu.externaltools.gnu-tools-for-stm32.11.3.rel1.win32_1.1.100.202309141235/tools/bin/../lib/gcc/arm-none-eabi/11.3.1/thumb/v7e-m+dp/hard/crtend.o
LOAD C:/my_workspace/my_software/stm32cubeide/STM32CubeIDE_1.14.1/STM32CubeIDE/plugins/com.st.stm32cube.ide.mcu.externaltools.gnu-tools-for-stm32.11.3.rel1.win32_1.1.100.202309141235/tools/bin/../lib/gcc/arm-none-eabi/11.3.1/thumb/v7e-m+dp/hard/crtn.o
                0x0000000020080000                _estack = (ORIGIN (RAM) + LENGTH (RAM))
                0x0000000000002000                _Min_Heap_Size = 0x2000
                0x0000000000002000                _Min_Stack_Size = 0x2000

.isr_vector     0x0000000008000000      0x1f8
                0x0000000008000000                . = ALIGN (0x4)
 *(.isr_vector)
 .isr_vector    0x0000000008000000      0x1f8 ./Core/Startup/startup_stm32f767igtx.o
                0x0000000008000000                g_pfnVectors
                0x00000000080001f8                . = ALIGN (0x4)

.text           0x0000000008000200     0x6d00
                0x0000000008000200                . = ALIGN (0x4)
 *(.text)
 .text          0x0000000008000200       0x40 C:/my_workspace/my_software/stm32cubeide/STM32CubeIDE_1.14.1/STM32CubeIDE/plugins/com.st.stm32cube.ide.mcu.externaltools.gnu-tools-for-stm32.11.3.rel1.win32_1.1.100.202309141235/tools/bin/../lib/gcc/arm-none-eabi/11.3.1/thumb/v7e-m+dp/hard/crtbegin.o
 .text          0x0000000008000240       0x30 C:/my_workspace/my_software/stm32cubeide/STM32CubeIDE_1.14.1/STM32CubeIDE/plugins/com.st.stm32cube.ide.mcu.externaltools.gnu-tools-for-stm32.11.3.rel1.win32_1.1.100.202309141235/tools/bin/../lib/gcc/arm-none-eabi/11.3.1/thumb/v7e-m+dp/hard\libgcc.a(_aeabi_uldivmod.o)
                0x0000000008000240                __aeabi_uldivmod
 .text          0x0000000008000270      0x2c8 C:/my_workspace/my_software/stm32cubeide/STM32CubeIDE_1.14.1/STM32CubeIDE/plugins/com.st.stm32cube.ide.mcu.externaltools.gnu-tools-for-stm32.11.3.rel1.win32_1.1.100.202309141235/tools/bin/../lib/gcc/arm-none-eabi/11.3.1/thumb/v7e-m+dp/hard\libgcc.a(_udivmoddi4.o)
                0x0000000008000270                __udivmoddi4
 .text          0x0000000008000538        0x4 C:/my_workspace/my_software/stm32cubeide/STM32CubeIDE_1.14.1/STM32CubeIDE/plugins/com.st.stm32cube.ide.mcu.externaltools.gnu-tools-for-stm32.11.3.rel1.win32_1.1.100.202309141235/tools/bin/../lib/gcc/arm-none-eabi/11.3.1/thumb/v7e-m+dp/hard\libgcc.a(_dvmd_tls.o)
                0x0000000008000538                __aeabi_idiv0
                0x0000000008000538                __aeabi_ldiv0
 *(.text*)
 .text.delay_ms
                0x000000000800053c       0x94 ./Core/Src/delay.o
                0x000000000800053c                delay_ms
 .text.MX_DMA_Init
                0x00000000080005d0       0x4c ./Core/Src/dma.o
                0x00000000080005d0                MX_DMA_Init
 .text.MSR_MSP  0x000000000800061c       0x1a ./Core/Src/freertos.o
                0x000000000800061c                MSR_MSP
 *fill*         0x0000000008000636        0x2 
 .text.iap_load_app
                0x0000000008000638       0x5c ./Core/Src/freertos.o
                0x0000000008000638                iap_load_app
 .text.vApplicationGetIdleTaskMemory
                0x0000000008000694       0x34 ./Core/Src/freertos.o
                0x0000000008000694                vApplicationGetIdleTaskMemory
 .text.MX_FREERTOS_Init
                0x00000000080006c8       0x68 ./Core/Src/freertos.o
                0x00000000080006c8                MX_FREERTOS_Init
 .text.StartDefaultTask
                0x0000000008000730       0x48 ./Core/Src/freertos.o
                0x0000000008000730                StartDefaultTask
 .text.StartJumpTask
                0x0000000008000778       0x50 ./Core/Src/freertos.o
                0x0000000008000778                StartJumpTask
 .text.MX_GPIO_Init
                0x00000000080007c8      0x10c ./Core/Src/gpio.o
                0x00000000080007c8                MX_GPIO_Init
 .text.HAL_GPIO_EXTI_Callback
                0x00000000080008d4       0x2c ./Core/Src/gpio.o
                0x00000000080008d4                HAL_GPIO_EXTI_Callback
 .text.main     0x0000000008000900       0x26 ./Core/Src/main.o
                0x0000000008000900                main
 *fill*         0x0000000008000926        0x2 
 .text.SystemClock_Config
                0x0000000008000928       0xe0 ./Core/Src/main.o
                0x0000000008000928                SystemClock_Config
 .text.HAL_TIM_PeriodElapsedCallback
                0x0000000008000a08       0x24 ./Core/Src/main.o
                0x0000000008000a08                HAL_TIM_PeriodElapsedCallback
 .text.Error_Handler
                0x0000000008000a2c        0xa ./Core/Src/main.o
                0x0000000008000a2c                Error_Handler
 *fill*         0x0000000008000a36        0x2 
 .text.MX_QUADSPI_Init
                0x0000000008000a38       0x58 ./Core/Src/quadspi.o
                0x0000000008000a38                MX_QUADSPI_Init
 .text.HAL_QSPI_MspInit
                0x0000000008000a90      0x104 ./Core/Src/quadspi.o
                0x0000000008000a90                HAL_QSPI_MspInit
 .text.QSPI_EnableMemoryMappedMode
                0x0000000008000b94       0x6c ./Core/Src/quadspi.o
                0x0000000008000b94                QSPI_EnableMemoryMappedMode
 .text.CSP_QSPI_EnableMemoryMappedMode
                0x0000000008000c00        0xe ./Core/Src/quadspi.o
                0x0000000008000c00                CSP_QSPI_EnableMemoryMappedMode
 .text.UART_GetTXState
                0x0000000008000c0e       0x1c ./Core/Src/reprintf.o
                0x0000000008000c0e                UART_GetTXState
 *fill*         0x0000000008000c2a        0x2 
 .text._write   0x0000000008000c2c       0x38 ./Core/Src/reprintf.o
                0x0000000008000c2c                _write
 .text.HAL_MspInit
                0x0000000008000c64       0x50 ./Core/Src/stm32f7xx_hal_msp.o
                0x0000000008000c64                HAL_MspInit
 .text.HAL_InitTick
                0x0000000008000cb4       0xe4 ./Core/Src/stm32f7xx_hal_timebase_tim.o
                0x0000000008000cb4                HAL_InitTick
 .text.NMI_Handler
                0x0000000008000d98        0x6 ./Core/Src/stm32f7xx_it.o
                0x0000000008000d98                NMI_Handler
 .text.HardFault_Handler
                0x0000000008000d9e        0x6 ./Core/Src/stm32f7xx_it.o
                0x0000000008000d9e                HardFault_Handler
 .text.MemManage_Handler
                0x0000000008000da4        0x6 ./Core/Src/stm32f7xx_it.o
                0x0000000008000da4                MemManage_Handler
 .text.BusFault_Handler
                0x0000000008000daa        0x6 ./Core/Src/stm32f7xx_it.o
                0x0000000008000daa                BusFault_Handler
 .text.UsageFault_Handler
                0x0000000008000db0        0x6 ./Core/Src/stm32f7xx_it.o
                0x0000000008000db0                UsageFault_Handler
 .text.DebugMon_Handler
                0x0000000008000db6        0xe ./Core/Src/stm32f7xx_it.o
                0x0000000008000db6                DebugMon_Handler
 .text.EXTI3_IRQHandler
                0x0000000008000dc4        0xe ./Core/Src/stm32f7xx_it.o
                0x0000000008000dc4                EXTI3_IRQHandler
 *fill*         0x0000000008000dd2        0x2 
 .text.TIM1_UP_TIM10_IRQHandler
                0x0000000008000dd4       0x14 ./Core/Src/stm32f7xx_it.o
                0x0000000008000dd4                TIM1_UP_TIM10_IRQHandler
 .text.USART1_IRQHandler
                0x0000000008000de8       0x14 ./Core/Src/stm32f7xx_it.o
                0x0000000008000de8                USART1_IRQHandler
 .text.DMA2_Stream2_IRQHandler
                0x0000000008000dfc       0x14 ./Core/Src/stm32f7xx_it.o
                0x0000000008000dfc                DMA2_Stream2_IRQHandler
 .text.DMA2_Stream7_IRQHandler
                0x0000000008000e10       0x14 ./Core/Src/stm32f7xx_it.o
                0x0000000008000e10                DMA2_Stream7_IRQHandler
 .text._read    0x0000000008000e24       0x3a ./Core/Src/syscalls.o
                0x0000000008000e24                _read
 .text._close   0x0000000008000e5e       0x18 ./Core/Src/syscalls.o
                0x0000000008000e5e                _close
 .text._fstat   0x0000000008000e76       0x20 ./Core/Src/syscalls.o
                0x0000000008000e76                _fstat
 .text._isatty  0x0000000008000e96       0x16 ./Core/Src/syscalls.o
                0x0000000008000e96                _isatty
 .text._lseek   0x0000000008000eac       0x1a ./Core/Src/syscalls.o
                0x0000000008000eac                _lseek
 *fill*         0x0000000008000ec6        0x2 
 .text._sbrk    0x0000000008000ec8       0x6c ./Core/Src/sysmem.o
                0x0000000008000ec8                _sbrk
 .text.SystemInit
                0x0000000008000f34       0x24 ./Core/Src/system_stm32f7xx.o
                0x0000000008000f34                SystemInit
 .text.MX_USART1_UART_Init
                0x0000000008000f58       0x60 ./Core/Src/usart.o
                0x0000000008000f58                MX_USART1_UART_Init
 .text.HAL_UART_MspInit
                0x0000000008000fb8      0x198 ./Core/Src/usart.o
                0x0000000008000fb8                HAL_UART_MspInit
 .text.Reset_Handler
                0x0000000008001150       0x50 ./Core/Startup/startup_stm32f767igtx.o
                0x0000000008001150                Reset_Handler
 .text.Default_Handler
                0x00000000080011a0        0x2 ./Core/Startup/startup_stm32f767igtx.o
                0x00000000080011a0                RTC_Alarm_IRQHandler
                0x00000000080011a0                EXTI2_IRQHandler
                0x00000000080011a0                TIM8_CC_IRQHandler
                0x00000000080011a0                UART8_IRQHandler
                0x00000000080011a0                SPI4_IRQHandler
                0x00000000080011a0                TIM1_CC_IRQHandler
                0x00000000080011a0                DMA2_Stream5_IRQHandler
                0x00000000080011a0                JPEG_IRQHandler
                0x00000000080011a0                DMA1_Stream5_IRQHandler
                0x00000000080011a0                CAN3_RX1_IRQHandler
                0x00000000080011a0                PVD_IRQHandler
                0x00000000080011a0                TAMP_STAMP_IRQHandler
                0x00000000080011a0                CAN2_RX1_IRQHandler
                0x00000000080011a0                TIM8_TRG_COM_TIM14_IRQHandler
                0x00000000080011a0                DFSDM1_FLT1_IRQHandler
                0x00000000080011a0                TIM8_UP_TIM13_IRQHandler
                0x00000000080011a0                I2C3_ER_IRQHandler
                0x00000000080011a0                DFSDM1_FLT2_IRQHandler
                0x00000000080011a0                EXTI0_IRQHandler
                0x00000000080011a0                I2C2_EV_IRQHandler
                0x00000000080011a0                DMA1_Stream2_IRQHandler
                0x00000000080011a0                CAN1_RX0_IRQHandler
                0x00000000080011a0                FPU_IRQHandler
                0x00000000080011a0                OTG_HS_WKUP_IRQHandler
                0x00000000080011a0                CAN3_SCE_IRQHandler
                0x00000000080011a0                LTDC_ER_IRQHandler
                0x00000000080011a0                CAN2_SCE_IRQHandler
                0x00000000080011a0                SPI1_IRQHandler
                0x00000000080011a0                TIM6_DAC_IRQHandler
                0x00000000080011a0                TIM1_BRK_TIM9_IRQHandler
                0x00000000080011a0                DCMI_IRQHandler
                0x00000000080011a0                CAN2_RX0_IRQHandler
                0x00000000080011a0                DMA2_Stream3_IRQHandler
                0x00000000080011a0                SAI2_IRQHandler
                0x00000000080011a0                DFSDM1_FLT3_IRQHandler
                0x00000000080011a0                USART6_IRQHandler
                0x00000000080011a0                CAN3_RX0_IRQHandler
                0x00000000080011a0                USART3_IRQHandler
                0x00000000080011a0                CAN1_RX1_IRQHandler
                0x00000000080011a0                UART5_IRQHandler
                0x00000000080011a0                DMA2_Stream0_IRQHandler
                0x00000000080011a0                TIM4_IRQHandler
                0x00000000080011a0                QUADSPI_IRQHandler
                0x00000000080011a0                I2C1_EV_IRQHandler
                0x00000000080011a0                DMA1_Stream6_IRQHandler
                0x00000000080011a0                DMA1_Stream1_IRQHandler
                0x00000000080011a0                UART4_IRQHandler
                0x00000000080011a0                TIM3_IRQHandler
                0x00000000080011a0                RCC_IRQHandler
                0x00000000080011a0                TIM8_BRK_TIM12_IRQHandler
                0x00000000080011a0                Default_Handler
                0x00000000080011a0                CEC_IRQHandler
                0x00000000080011a0                EXTI15_10_IRQHandler
                0x00000000080011a0                ADC_IRQHandler
                0x00000000080011a0                DMA1_Stream7_IRQHandler
                0x00000000080011a0                SPI5_IRQHandler
                0x00000000080011a0                TIM7_IRQHandler
                0x00000000080011a0                SDMMC1_IRQHandler
                0x00000000080011a0                CAN2_TX_IRQHandler
                0x00000000080011a0                TIM5_IRQHandler
                0x00000000080011a0                I2C3_EV_IRQHandler
                0x00000000080011a0                EXTI9_5_IRQHandler
                0x00000000080011a0                RTC_WKUP_IRQHandler
                0x00000000080011a0                LTDC_IRQHandler
                0x00000000080011a0                ETH_WKUP_IRQHandler
                0x00000000080011a0                SPDIF_RX_IRQHandler
                0x00000000080011a0                SPI2_IRQHandler
                0x00000000080011a0                OTG_HS_EP1_IN_IRQHandler
                0x00000000080011a0                DMA1_Stream0_IRQHandler
                0x00000000080011a0                CAN1_TX_IRQHandler
                0x00000000080011a0                EXTI4_IRQHandler
                0x00000000080011a0                RNG_IRQHandler
                0x00000000080011a0                ETH_IRQHandler
                0x00000000080011a0                OTG_HS_EP1_OUT_IRQHandler
                0x00000000080011a0                WWDG_IRQHandler
                0x00000000080011a0                SPI6_IRQHandler
                0x00000000080011a0                MDIOS_IRQHandler
                0x00000000080011a0                I2C4_EV_IRQHandler
                0x00000000080011a0                CAN3_TX_IRQHandler
                0x00000000080011a0                TIM2_IRQHandler
                0x00000000080011a0                OTG_FS_WKUP_IRQHandler
                0x00000000080011a0                TIM1_TRG_COM_TIM11_IRQHandler
                0x00000000080011a0                OTG_HS_IRQHandler
                0x00000000080011a0                DMA2D_IRQHandler
                0x00000000080011a0                EXTI1_IRQHandler
                0x00000000080011a0                SDMMC2_IRQHandler
                0x00000000080011a0                UART7_IRQHandler
                0x00000000080011a0                USART2_IRQHandler
                0x00000000080011a0                DFSDM1_FLT0_IRQHandler
                0x00000000080011a0                I2C2_ER_IRQHandler
                0x00000000080011a0                DMA2_Stream1_IRQHandler
                0x00000000080011a0                CAN1_SCE_IRQHandler
                0x00000000080011a0                FLASH_IRQHandler
                0x00000000080011a0                DMA2_Stream4_IRQHandler
                0x00000000080011a0                OTG_FS_IRQHandler
                0x00000000080011a0                SPI3_IRQHandler
                0x00000000080011a0                DMA1_Stream4_IRQHandler
                0x00000000080011a0                I2C1_ER_IRQHandler
                0x00000000080011a0                FMC_IRQHandler
                0x00000000080011a0                LPTIM1_IRQHandler
                0x00000000080011a0                I2C4_ER_IRQHandler
                0x00000000080011a0                DMA2_Stream6_IRQHandler
                0x00000000080011a0                SAI1_IRQHandler
                0x00000000080011a0                DMA1_Stream3_IRQHandler
 .text.HAL_Init
                0x00000000080011a2       0x1a ./Drivers/STM32F7xx_HAL_Driver/Src/stm32f7xx_hal.o
                0x00000000080011a2                HAL_Init
 .text.HAL_IncTick
                0x00000000080011bc       0x28 ./Drivers/STM32F7xx_HAL_Driver/Src/stm32f7xx_hal.o
                0x00000000080011bc                HAL_IncTick
 .text.HAL_GetTick
                0x00000000080011e4       0x18 ./Drivers/STM32F7xx_HAL_Driver/Src/stm32f7xx_hal.o
                0x00000000080011e4                HAL_GetTick
 .text.__NVIC_SetPriorityGrouping
                0x00000000080011fc       0x48 ./Drivers/STM32F7xx_HAL_Driver/Src/stm32f7xx_hal_cortex.o
 .text.__NVIC_GetPriorityGrouping
                0x0000000008001244       0x1c ./Drivers/STM32F7xx_HAL_Driver/Src/stm32f7xx_hal_cortex.o
 .text.__NVIC_EnableIRQ
                0x0000000008001260       0x3c ./Drivers/STM32F7xx_HAL_Driver/Src/stm32f7xx_hal_cortex.o
 .text.__NVIC_SetPriority
                0x000000000800129c       0x54 ./Drivers/STM32F7xx_HAL_Driver/Src/stm32f7xx_hal_cortex.o
 .text.NVIC_EncodePriority
                0x00000000080012f0       0x66 ./Drivers/STM32F7xx_HAL_Driver/Src/stm32f7xx_hal_cortex.o
 .text.HAL_NVIC_SetPriorityGrouping
                0x0000000008001356       0x16 ./Drivers/STM32F7xx_HAL_Driver/Src/stm32f7xx_hal_cortex.o
                0x0000000008001356                HAL_NVIC_SetPriorityGrouping
 .text.HAL_NVIC_SetPriority
                0x000000000800136c       0x38 ./Drivers/STM32F7xx_HAL_Driver/Src/stm32f7xx_hal_cortex.o
                0x000000000800136c                HAL_NVIC_SetPriority
 .text.HAL_NVIC_EnableIRQ
                0x00000000080013a4       0x1c ./Drivers/STM32F7xx_HAL_Driver/Src/stm32f7xx_hal_cortex.o
                0x00000000080013a4                HAL_NVIC_EnableIRQ
 .text.HAL_DMA_Init
                0x00000000080013c0      0x15c ./Drivers/STM32F7xx_HAL_Driver/Src/stm32f7xx_hal_dma.o
                0x00000000080013c0                HAL_DMA_Init
 .text.HAL_DMA_Start_IT
                0x000000000800151c       0xc0 ./Drivers/STM32F7xx_HAL_Driver/Src/stm32f7xx_hal_dma.o
                0x000000000800151c                HAL_DMA_Start_IT
 .text.HAL_DMA_Abort
                0x00000000080015dc       0xe0 ./Drivers/STM32F7xx_HAL_Driver/Src/stm32f7xx_hal_dma.o
                0x00000000080015dc                HAL_DMA_Abort
 .text.HAL_DMA_Abort_IT
                0x00000000080016bc       0x44 ./Drivers/STM32F7xx_HAL_Driver/Src/stm32f7xx_hal_dma.o
                0x00000000080016bc                HAL_DMA_Abort_IT
 .text.HAL_DMA_IRQHandler
                0x0000000008001700      0x314 ./Drivers/STM32F7xx_HAL_Driver/Src/stm32f7xx_hal_dma.o
                0x0000000008001700                HAL_DMA_IRQHandler
 .text.DMA_SetConfig
                0x0000000008001a14       0x5c ./Drivers/STM32F7xx_HAL_Driver/Src/stm32f7xx_hal_dma.o
 .text.DMA_CalcBaseAndBitshift
                0x0000000008001a70       0x6c ./Drivers/STM32F7xx_HAL_Driver/Src/stm32f7xx_hal_dma.o
 .text.DMA_CheckFifoParam
                0x0000000008001adc       0xf8 ./Drivers/STM32F7xx_HAL_Driver/Src/stm32f7xx_hal_dma.o
 .text.HAL_GPIO_Init
                0x0000000008001bd4      0x358 ./Drivers/STM32F7xx_HAL_Driver/Src/stm32f7xx_hal_gpio.o
                0x0000000008001bd4                HAL_GPIO_Init
 .text.HAL_GPIO_WritePin
                0x0000000008001f2c       0x32 ./Drivers/STM32F7xx_HAL_Driver/Src/stm32f7xx_hal_gpio.o
                0x0000000008001f2c                HAL_GPIO_WritePin
 *fill*         0x0000000008001f5e        0x2 
 .text.HAL_GPIO_EXTI_IRQHandler
                0x0000000008001f60       0x30 ./Drivers/STM32F7xx_HAL_Driver/Src/stm32f7xx_hal_gpio.o
                0x0000000008001f60                HAL_GPIO_EXTI_IRQHandler
 .text.HAL_PWR_EnableBkUpAccess
                0x0000000008001f90       0x20 ./Drivers/STM32F7xx_HAL_Driver/Src/stm32f7xx_hal_pwr.o
                0x0000000008001f90                HAL_PWR_EnableBkUpAccess
 .text.HAL_PWREx_EnableOverDrive
                0x0000000008001fb0       0xa0 ./Drivers/STM32F7xx_HAL_Driver/Src/stm32f7xx_hal_pwr_ex.o
                0x0000000008001fb0                HAL_PWREx_EnableOverDrive
 .text.HAL_QSPI_Init
                0x0000000008002050       0xf8 ./Drivers/STM32F7xx_HAL_Driver/Src/stm32f7xx_hal_qspi.o
                0x0000000008002050                HAL_QSPI_Init
 .text.HAL_QSPI_MemoryMapped
                0x0000000008002148       0xc4 ./Drivers/STM32F7xx_HAL_Driver/Src/stm32f7xx_hal_qspi.o
                0x0000000008002148                HAL_QSPI_MemoryMapped
 .text.HAL_QSPI_SetTimeout
                0x000000000800220c       0x1c ./Drivers/STM32F7xx_HAL_Driver/Src/stm32f7xx_hal_qspi.o
                0x000000000800220c                HAL_QSPI_SetTimeout
 .text.QSPI_WaitFlagStateUntilTimeout
                0x0000000008002228       0x6e ./Drivers/STM32F7xx_HAL_Driver/Src/stm32f7xx_hal_qspi.o
 .text.QSPI_Config
                0x0000000008002296      0x30c ./Drivers/STM32F7xx_HAL_Driver/Src/stm32f7xx_hal_qspi.o
 *fill*         0x00000000080025a2        0x2 
 .text.HAL_RCC_OscConfig
                0x00000000080025a4      0x55c ./Drivers/STM32F7xx_HAL_Driver/Src/stm32f7xx_hal_rcc.o
                0x00000000080025a4                HAL_RCC_OscConfig
 .text.HAL_RCC_ClockConfig
                0x0000000008002b00      0x1d8 ./Drivers/STM32F7xx_HAL_Driver/Src/stm32f7xx_hal_rcc.o
                0x0000000008002b00                HAL_RCC_ClockConfig
 .text.HAL_RCC_GetSysClockFreq
                0x0000000008002cd8      0x18c ./Drivers/STM32F7xx_HAL_Driver/Src/stm32f7xx_hal_rcc.o
                0x0000000008002cd8                HAL_RCC_GetSysClockFreq
 .text.HAL_RCC_GetHCLKFreq
                0x0000000008002e64       0x18 ./Drivers/STM32F7xx_HAL_Driver/Src/stm32f7xx_hal_rcc.o
                0x0000000008002e64                HAL_RCC_GetHCLKFreq
 .text.HAL_RCC_GetPCLK1Freq
                0x0000000008002e7c       0x28 ./Drivers/STM32F7xx_HAL_Driver/Src/stm32f7xx_hal_rcc.o
                0x0000000008002e7c                HAL_RCC_GetPCLK1Freq
 .text.HAL_RCC_GetPCLK2Freq
                0x0000000008002ea4       0x28 ./Drivers/STM32F7xx_HAL_Driver/Src/stm32f7xx_hal_rcc.o
                0x0000000008002ea4                HAL_RCC_GetPCLK2Freq
 .text.HAL_RCC_GetClockConfig
                0x0000000008002ecc       0x64 ./Drivers/STM32F7xx_HAL_Driver/Src/stm32f7xx_hal_rcc.o
                0x0000000008002ecc                HAL_RCC_GetClockConfig
 .text.HAL_RCCEx_PeriphCLKConfig
                0x0000000008002f30      0x850 ./Drivers/STM32F7xx_HAL_Driver/Src/stm32f7xx_hal_rcc_ex.o
                0x0000000008002f30                HAL_RCCEx_PeriphCLKConfig
 .text.HAL_TIM_Base_Init
                0x0000000008003780       0xae ./Drivers/STM32F7xx_HAL_Driver/Src/stm32f7xx_hal_tim.o
                0x0000000008003780                HAL_TIM_Base_Init
 .text.HAL_TIM_Base_MspInit
                0x000000000800382e       0x14 ./Drivers/STM32F7xx_HAL_Driver/Src/stm32f7xx_hal_tim.o
                0x000000000800382e                HAL_TIM_Base_MspInit
 *fill*         0x0000000008003842        0x2 
 .text.HAL_TIM_Base_Start_IT
                0x0000000008003844       0xf0 ./Drivers/STM32F7xx_HAL_Driver/Src/stm32f7xx_hal_tim.o
                0x0000000008003844                HAL_TIM_Base_Start_IT
 .text.HAL_TIM_IRQHandler
                0x0000000008003934      0x23e ./Drivers/STM32F7xx_HAL_Driver/Src/stm32f7xx_hal_tim.o
                0x0000000008003934                HAL_TIM_IRQHandler
 .text.HAL_TIM_OC_DelayElapsedCallback
                0x0000000008003b72       0x14 ./Drivers/STM32F7xx_HAL_Driver/Src/stm32f7xx_hal_tim.o
                0x0000000008003b72                HAL_TIM_OC_DelayElapsedCallback
 .text.HAL_TIM_IC_CaptureCallback
                0x0000000008003b86       0x14 ./Drivers/STM32F7xx_HAL_Driver/Src/stm32f7xx_hal_tim.o
                0x0000000008003b86                HAL_TIM_IC_CaptureCallback
 .text.HAL_TIM_PWM_PulseFinishedCallback
                0x0000000008003b9a       0x14 ./Drivers/STM32F7xx_HAL_Driver/Src/stm32f7xx_hal_tim.o
                0x0000000008003b9a                HAL_TIM_PWM_PulseFinishedCallback
 .text.HAL_TIM_TriggerCallback
                0x0000000008003bae       0x14 ./Drivers/STM32F7xx_HAL_Driver/Src/stm32f7xx_hal_tim.o
                0x0000000008003bae                HAL_TIM_TriggerCallback
 *fill*         0x0000000008003bc2        0x2 
 .text.TIM_Base_SetConfig
                0x0000000008003bc4      0x140 ./Drivers/STM32F7xx_HAL_Driver/Src/stm32f7xx_hal_tim.o
                0x0000000008003bc4                TIM_Base_SetConfig
 .text.HAL_TIMEx_CommutCallback
                0x0000000008003d04       0x14 ./Drivers/STM32F7xx_HAL_Driver/Src/stm32f7xx_hal_tim_ex.o
                0x0000000008003d04                HAL_TIMEx_CommutCallback
 .text.HAL_TIMEx_BreakCallback
                0x0000000008003d18       0x14 ./Drivers/STM32F7xx_HAL_Driver/Src/stm32f7xx_hal_tim_ex.o
                0x0000000008003d18                HAL_TIMEx_BreakCallback
 .text.HAL_TIMEx_Break2Callback
                0x0000000008003d2c       0x14 ./Drivers/STM32F7xx_HAL_Driver/Src/stm32f7xx_hal_tim_ex.o
                0x0000000008003d2c                HAL_TIMEx_Break2Callback
 .text.HAL_UART_Init
                0x0000000008003d40       0x9c ./Drivers/STM32F7xx_HAL_Driver/Src/stm32f7xx_hal_uart.o
                0x0000000008003d40                HAL_UART_Init
 .text.HAL_UART_Transmit_DMA
                0x0000000008003ddc       0xf8 ./Drivers/STM32F7xx_HAL_Driver/Src/stm32f7xx_hal_uart.o
                0x0000000008003ddc                HAL_UART_Transmit_DMA
 .text.HAL_UART_IRQHandler
                0x0000000008003ed4      0x5d0 ./Drivers/STM32F7xx_HAL_Driver/Src/stm32f7xx_hal_uart.o
                0x0000000008003ed4                HAL_UART_IRQHandler
 .text.HAL_UART_TxCpltCallback
                0x00000000080044a4       0x14 ./Drivers/STM32F7xx_HAL_Driver/Src/stm32f7xx_hal_uart.o
                0x00000000080044a4                HAL_UART_TxCpltCallback
 .text.HAL_UART_TxHalfCpltCallback
                0x00000000080044b8       0x14 ./Drivers/STM32F7xx_HAL_Driver/Src/stm32f7xx_hal_uart.o
                0x00000000080044b8                HAL_UART_TxHalfCpltCallback
 .text.HAL_UART_ErrorCallback
                0x00000000080044cc       0x14 ./Drivers/STM32F7xx_HAL_Driver/Src/stm32f7xx_hal_uart.o
                0x00000000080044cc                HAL_UART_ErrorCallback
 .text.HAL_UARTEx_RxEventCallback
                0x00000000080044e0       0x18 ./Drivers/STM32F7xx_HAL_Driver/Src/stm32f7xx_hal_uart.o
                0x00000000080044e0                HAL_UARTEx_RxEventCallback
 .text.HAL_UARTEx_WakeupCallback
                0x00000000080044f8       0x14 ./Drivers/STM32F7xx_HAL_Driver/Src/stm32f7xx_hal_uart.o
                0x00000000080044f8                HAL_UARTEx_WakeupCallback
 .text.UART_SetConfig
                0x000000000800450c      0x4c8 ./Drivers/STM32F7xx_HAL_Driver/Src/stm32f7xx_hal_uart.o
                0x000000000800450c                UART_SetConfig
 .text.UART_AdvFeatureConfig
                0x00000000080049d4      0x144 ./Drivers/STM32F7xx_HAL_Driver/Src/stm32f7xx_hal_uart.o
                0x00000000080049d4                UART_AdvFeatureConfig
 .text.UART_CheckIdleState
                0x0000000008004b18       0x9a ./Drivers/STM32F7xx_HAL_Driver/Src/stm32f7xx_hal_uart.o
                0x0000000008004b18                UART_CheckIdleState
 .text.UART_WaitOnFlagUntilTimeout
                0x0000000008004bb2      0x18c ./Drivers/STM32F7xx_HAL_Driver/Src/stm32f7xx_hal_uart.o
                0x0000000008004bb2                UART_WaitOnFlagUntilTimeout
 .text.UART_EndTxTransfer
                0x0000000008004d3e       0x4c ./Drivers/STM32F7xx_HAL_Driver/Src/stm32f7xx_hal_uart.o
 .text.UART_EndRxTransfer
                0x0000000008004d8a       0xc8 ./Drivers/STM32F7xx_HAL_Driver/Src/stm32f7xx_hal_uart.o
 .text.UART_DMATransmitCplt
                0x0000000008004e52       0x96 ./Drivers/STM32F7xx_HAL_Driver/Src/stm32f7xx_hal_uart.o
 .text.UART_DMATxHalfCplt
                0x0000000008004ee8       0x1c ./Drivers/STM32F7xx_HAL_Driver/Src/stm32f7xx_hal_uart.o
 .text.UART_DMAError
                0x0000000008004f04       0x7e ./Drivers/STM32F7xx_HAL_Driver/Src/stm32f7xx_hal_uart.o
 .text.UART_DMAAbortOnError
                0x0000000008004f82       0x2c ./Drivers/STM32F7xx_HAL_Driver/Src/stm32f7xx_hal_uart.o
 .text.UART_EndTransmit_IT
                0x0000000008004fae       0x54 ./Drivers/STM32F7xx_HAL_Driver/Src/stm32f7xx_hal_uart.o
 .text.makeFreeRtosPriority
                0x0000000008005002       0x30 ./Middlewares/Third_Party/FreeRTOS/Source/CMSIS_RTOS/cmsis_os.o
 .text.osKernelStart
                0x0000000008005032        0xe ./Middlewares/Third_Party/FreeRTOS/Source/CMSIS_RTOS/cmsis_os.o
                0x0000000008005032                osKernelStart
 .text.osThreadCreate
                0x0000000008005040       0x98 ./Middlewares/Third_Party/FreeRTOS/Source/CMSIS_RTOS/cmsis_os.o
                0x0000000008005040                osThreadCreate
 .text.osDelay  0x00000000080050d8       0x28 ./Middlewares/Third_Party/FreeRTOS/Source/CMSIS_RTOS/cmsis_os.o
                0x00000000080050d8                osDelay
 .text.vListInitialise
                0x0000000008005100       0x40 ./Middlewares/Third_Party/FreeRTOS/Source/list.o
                0x0000000008005100                vListInitialise
 .text.vListInitialiseItem
                0x0000000008005140       0x1a ./Middlewares/Third_Party/FreeRTOS/Source/list.o
                0x0000000008005140                vListInitialiseItem
 .text.vListInsertEnd
                0x000000000800515a       0x48 ./Middlewares/Third_Party/FreeRTOS/Source/list.o
                0x000000000800515a                vListInsertEnd
 .text.vListInsert
                0x00000000080051a2       0x72 ./Middlewares/Third_Party/FreeRTOS/Source/list.o
                0x00000000080051a2                vListInsert
 .text.uxListRemove
                0x0000000008005214       0x54 ./Middlewares/Third_Party/FreeRTOS/Source/list.o
                0x0000000008005214                uxListRemove
 .text.xTaskCreateStatic
                0x0000000008005268       0xc6 ./Middlewares/Third_Party/FreeRTOS/Source/tasks.o
                0x0000000008005268                xTaskCreateStatic
 .text.xTaskCreate
                0x000000000800532e       0x8a ./Middlewares/Third_Party/FreeRTOS/Source/tasks.o
                0x000000000800532e                xTaskCreate
 .text.prvInitialiseNewTask
                0x00000000080053b8      0x140 ./Middlewares/Third_Party/FreeRTOS/Source/tasks.o
 .text.prvAddNewTaskToReadyList
                0x00000000080054f8       0xd4 ./Middlewares/Third_Party/FreeRTOS/Source/tasks.o
 .text.vTaskDelay
                0x00000000080055cc       0x6c ./Middlewares/Third_Party/FreeRTOS/Source/tasks.o
                0x00000000080055cc                vTaskDelay
 .text.vTaskStartScheduler
                0x0000000008005638       0xdc ./Middlewares/Third_Party/FreeRTOS/Source/tasks.o
                0x0000000008005638                vTaskStartScheduler
 .text.vTaskSuspendAll
                0x0000000008005714       0x1c ./Middlewares/Third_Party/FreeRTOS/Source/tasks.o
                0x0000000008005714                vTaskSuspendAll
 .text.xTaskResumeAll
                0x0000000008005730      0x13c ./Middlewares/Third_Party/FreeRTOS/Source/tasks.o
                0x0000000008005730                xTaskResumeAll
 .text.xTaskIncrementTick
                0x000000000800586c      0x174 ./Middlewares/Third_Party/FreeRTOS/Source/tasks.o
                0x000000000800586c                xTaskIncrementTick
 .text.vTaskSwitchContext
                0x00000000080059e0       0xc8 ./Middlewares/Third_Party/FreeRTOS/Source/tasks.o
                0x00000000080059e0                vTaskSwitchContext
 .text.prvIdleTask
                0x0000000008005aa8       0x30 ./Middlewares/Third_Party/FreeRTOS/Source/tasks.o
 .text.prvInitialiseTaskLists
                0x0000000008005ad8       0x80 ./Middlewares/Third_Party/FreeRTOS/Source/tasks.o
 .text.prvCheckTasksWaitingTermination
                0x0000000008005b58       0x5c ./Middlewares/Third_Party/FreeRTOS/Source/tasks.o
 .text.prvDeleteTCB
                0x0000000008005bb4       0x6c ./Middlewares/Third_Party/FreeRTOS/Source/tasks.o
 .text.prvResetNextTaskUnblockTime
                0x0000000008005c20       0x40 ./Middlewares/Third_Party/FreeRTOS/Source/tasks.o
 .text.prvAddCurrentTaskToDelayedList
                0x0000000008005c60       0xcc ./Middlewares/Third_Party/FreeRTOS/Source/tasks.o
 .text.pxPortInitialiseStack
                0x0000000008005d2c       0x68 ./Middlewares/Third_Party/FreeRTOS/Source/portable/GCC/ARM_CM7/r0p1/port.o
                0x0000000008005d2c                pxPortInitialiseStack
 .text.prvTaskExitError
                0x0000000008005d94       0x60 ./Middlewares/Third_Party/FreeRTOS/Source/portable/GCC/ARM_CM7/r0p1/port.o
 *fill*         0x0000000008005df4        0xc 
 .text.SVC_Handler
                0x0000000008005e00       0x28 ./Middlewares/Third_Party/FreeRTOS/Source/portable/GCC/ARM_CM7/r0p1/port.o
                0x0000000008005e00                SVC_Handler
 .text.prvPortStartFirstTask
                0x0000000008005e28       0x28 ./Middlewares/Third_Party/FreeRTOS/Source/portable/GCC/ARM_CM7/r0p1/port.o
 .text.xPortStartScheduler
                0x0000000008005e50       0xfc ./Middlewares/Third_Party/FreeRTOS/Source/portable/GCC/ARM_CM7/r0p1/port.o
                0x0000000008005e50                xPortStartScheduler
 .text.vPortEnterCritical
                0x0000000008005f4c       0x68 ./Middlewares/Third_Party/FreeRTOS/Source/portable/GCC/ARM_CM7/r0p1/port.o
                0x0000000008005f4c                vPortEnterCritical
 .text.vPortExitCritical
                0x0000000008005fb4       0x58 ./Middlewares/Third_Party/FreeRTOS/Source/portable/GCC/ARM_CM7/r0p1/port.o
                0x0000000008005fb4                vPortExitCritical
 *fill*         0x000000000800600c        0x4 
 .text.PendSV_Handler
                0x0000000008006010       0x68 ./Middlewares/Third_Party/FreeRTOS/Source/portable/GCC/ARM_CM7/r0p1/port.o
                0x0000000008006010                PendSV_Handler
 .text.SysTick_Handler
                0x0000000008006078       0x48 ./Middlewares/Third_Party/FreeRTOS/Source/portable/GCC/ARM_CM7/r0p1/port.o
                0x0000000008006078                SysTick_Handler
 .text.vPortSetupTimerInterrupt
                0x00000000080060c0       0x48 ./Middlewares/Third_Party/FreeRTOS/Source/portable/GCC/ARM_CM7/r0p1/port.o
                0x00000000080060c0                vPortSetupTimerInterrupt
 .text.vPortEnableVFP
                0x0000000008006108       0x14 ./Middlewares/Third_Party/FreeRTOS/Source/portable/GCC/ARM_CM7/r0p1/port.o
 .text.pvPortMalloc
                0x000000000800611c      0x194 ./Middlewares/Third_Party/FreeRTOS/Source/portable/MemMang/heap_4.o
                0x000000000800611c                pvPortMalloc
 .text.vPortFree
                0x00000000080062b0       0xbc ./Middlewares/Third_Party/FreeRTOS/Source/portable/MemMang/heap_4.o
                0x00000000080062b0                vPortFree
 .text.prvHeapInit
                0x000000000800636c       0xc4 ./Middlewares/Third_Party/FreeRTOS/Source/portable/MemMang/heap_4.o
 .text.prvInsertBlockIntoFreeList
                0x0000000008006430       0xb4 ./Middlewares/Third_Party/FreeRTOS/Source/portable/MemMang/heap_4.o
 .text.std      0x00000000080064e4       0x6c C:/my_workspace/my_software/stm32cubeide/STM32CubeIDE_1.14.1/STM32CubeIDE/plugins/com.st.stm32cube.ide.mcu.externaltools.gnu-tools-for-stm32.11.3.rel1.win32_1.1.100.202309141235/tools/bin/../lib/gcc/arm-none-eabi/11.3.1/../../../../arm-none-eabi/lib/thumb/v7e-m+dp/hard\libc_nano.a(libc_a-findfp.o)
 .text.stdio_exit_handler
                0x0000000008006550       0x18 C:/my_workspace/my_software/stm32cubeide/STM32CubeIDE_1.14.1/STM32CubeIDE/plugins/com.st.stm32cube.ide.mcu.externaltools.gnu-tools-for-stm32.11.3.rel1.win32_1.1.100.202309141235/tools/bin/../lib/gcc/arm-none-eabi/11.3.1/../../../../arm-none-eabi/lib/thumb/v7e-m+dp/hard\libc_nano.a(libc_a-findfp.o)
 .text.cleanup_stdio
                0x0000000008006568       0x40 C:/my_workspace/my_software/stm32cubeide/STM32CubeIDE_1.14.1/STM32CubeIDE/plugins/com.st.stm32cube.ide.mcu.externaltools.gnu-tools-for-stm32.11.3.rel1.win32_1.1.100.202309141235/tools/bin/../lib/gcc/arm-none-eabi/11.3.1/../../../../arm-none-eabi/lib/thumb/v7e-m+dp/hard\libc_nano.a(libc_a-findfp.o)
 .text.global_stdio_init.part.0
                0x00000000080065a8       0x3c C:/my_workspace/my_software/stm32cubeide/STM32CubeIDE_1.14.1/STM32CubeIDE/plugins/com.st.stm32cube.ide.mcu.externaltools.gnu-tools-for-stm32.11.3.rel1.win32_1.1.100.202309141235/tools/bin/../lib/gcc/arm-none-eabi/11.3.1/../../../../arm-none-eabi/lib/thumb/v7e-m+dp/hard\libc_nano.a(libc_a-findfp.o)
 .text.__sfp_lock_acquire
                0x00000000080065e4        0xc C:/my_workspace/my_software/stm32cubeide/STM32CubeIDE_1.14.1/STM32CubeIDE/plugins/com.st.stm32cube.ide.mcu.externaltools.gnu-tools-for-stm32.11.3.rel1.win32_1.1.100.202309141235/tools/bin/../lib/gcc/arm-none-eabi/11.3.1/../../../../arm-none-eabi/lib/thumb/v7e-m+dp/hard\libc_nano.a(libc_a-findfp.o)
                0x00000000080065e4                __sfp_lock_acquire
 .text.__sfp_lock_release
                0x00000000080065f0        0xc C:/my_workspace/my_software/stm32cubeide/STM32CubeIDE_1.14.1/STM32CubeIDE/plugins/com.st.stm32cube.ide.mcu.externaltools.gnu-tools-for-stm32.11.3.rel1.win32_1.1.100.202309141235/tools/bin/../lib/gcc/arm-none-eabi/11.3.1/../../../../arm-none-eabi/lib/thumb/v7e-m+dp/hard\libc_nano.a(libc_a-findfp.o)
                0x00000000080065f0                __sfp_lock_release
 .text.__sinit  0x00000000080065fc       0x30 C:/my_workspace/my_software/stm32cubeide/STM32CubeIDE_1.14.1/STM32CubeIDE/plugins/com.st.stm32cube.ide.mcu.externaltools.gnu-tools-for-stm32.11.3.rel1.win32_1.1.100.202309141235/tools/bin/../lib/gcc/arm-none-eabi/11.3.1/../../../../arm-none-eabi/lib/thumb/v7e-m+dp/hard\libc_nano.a(libc_a-findfp.o)
                0x00000000080065fc                __sinit
 .text._fwalk_sglue
                0x000000000800662c       0x3c C:/my_workspace/my_software/stm32cubeide/STM32CubeIDE_1.14.1/STM32CubeIDE/plugins/com.st.stm32cube.ide.mcu.externaltools.gnu-tools-for-stm32.11.3.rel1.win32_1.1.100.202309141235/tools/bin/../lib/gcc/arm-none-eabi/11.3.1/../../../../arm-none-eabi/lib/thumb/v7e-m+dp/hard\libc_nano.a(libc_a-fwalk.o)
                0x000000000800662c                _fwalk_sglue
 .text._puts_r  0x0000000008006668       0xa8 C:/my_workspace/my_software/stm32cubeide/STM32CubeIDE_1.14.1/STM32CubeIDE/plugins/com.st.stm32cube.ide.mcu.externaltools.gnu-tools-for-stm32.11.3.rel1.win32_1.1.100.202309141235/tools/bin/../lib/gcc/arm-none-eabi/11.3.1/../../../../arm-none-eabi/lib/thumb/v7e-m+dp/hard\libc_nano.a(libc_a-puts.o)
                0x0000000008006668                _puts_r
 .text.puts     0x0000000008006710       0x10 C:/my_workspace/my_software/stm32cubeide/STM32CubeIDE_1.14.1/STM32CubeIDE/plugins/com.st.stm32cube.ide.mcu.externaltools.gnu-tools-for-stm32.11.3.rel1.win32_1.1.100.202309141235/tools/bin/../lib/gcc/arm-none-eabi/11.3.1/../../../../arm-none-eabi/lib/thumb/v7e-m+dp/hard\libc_nano.a(libc_a-puts.o)
                0x0000000008006710                puts
 .text.__sread  0x0000000008006720       0x22 C:/my_workspace/my_software/stm32cubeide/STM32CubeIDE_1.14.1/STM32CubeIDE/plugins/com.st.stm32cube.ide.mcu.externaltools.gnu-tools-for-stm32.11.3.rel1.win32_1.1.100.202309141235/tools/bin/../lib/gcc/arm-none-eabi/11.3.1/../../../../arm-none-eabi/lib/thumb/v7e-m+dp/hard\libc_nano.a(libc_a-stdio.o)
                0x0000000008006720                __sread
 .text.__swrite
                0x0000000008006742       0x38 C:/my_workspace/my_software/stm32cubeide/STM32CubeIDE_1.14.1/STM32CubeIDE/plugins/com.st.stm32cube.ide.mcu.externaltools.gnu-tools-for-stm32.11.3.rel1.win32_1.1.100.202309141235/tools/bin/../lib/gcc/arm-none-eabi/11.3.1/../../../../arm-none-eabi/lib/thumb/v7e-m+dp/hard\libc_nano.a(libc_a-stdio.o)
                0x0000000008006742                __swrite
 .text.__sseek  0x000000000800677a       0x24 C:/my_workspace/my_software/stm32cubeide/STM32CubeIDE_1.14.1/STM32CubeIDE/plugins/com.st.stm32cube.ide.mcu.externaltools.gnu-tools-for-stm32.11.3.rel1.win32_1.1.100.202309141235/tools/bin/../lib/gcc/arm-none-eabi/11.3.1/../../../../arm-none-eabi/lib/thumb/v7e-m+dp/hard\libc_nano.a(libc_a-stdio.o)
                0x000000000800677a                __sseek
 .text.__sclose
                0x000000000800679e        0x8 C:/my_workspace/my_software/stm32cubeide/STM32CubeIDE_1.14.1/STM32CubeIDE/plugins/com.st.stm32cube.ide.mcu.externaltools.gnu-tools-for-stm32.11.3.rel1.win32_1.1.100.202309141235/tools/bin/../lib/gcc/arm-none-eabi/11.3.1/../../../../arm-none-eabi/lib/thumb/v7e-m+dp/hard\libc_nano.a(libc_a-stdio.o)
                0x000000000800679e                __sclose
 .text.__swbuf_r
                0x00000000080067a6       0x7a C:/my_workspace/my_software/stm32cubeide/STM32CubeIDE_1.14.1/STM32CubeIDE/plugins/com.st.stm32cube.ide.mcu.externaltools.gnu-tools-for-stm32.11.3.rel1.win32_1.1.100.202309141235/tools/bin/../lib/gcc/arm-none-eabi/11.3.1/../../../../arm-none-eabi/lib/thumb/v7e-m+dp/hard\libc_nano.a(libc_a-wbuf.o)
                0x00000000080067a6                __swbuf_r
 .text.__swsetup_r
                0x0000000008006820       0xb0 C:/my_workspace/my_software/stm32cubeide/STM32CubeIDE_1.14.1/STM32CubeIDE/plugins/com.st.stm32cube.ide.mcu.externaltools.gnu-tools-for-stm32.11.3.rel1.win32_1.1.100.202309141235/tools/bin/../lib/gcc/arm-none-eabi/11.3.1/../../../../arm-none-eabi/lib/thumb/v7e-m+dp/hard\libc_nano.a(libc_a-wsetup.o)
                0x0000000008006820                __swsetup_r
 .text.memset   0x00000000080068d0       0x10 C:/my_workspace/my_software/stm32cubeide/STM32CubeIDE_1.14.1/STM32CubeIDE/plugins/com.st.stm32cube.ide.mcu.externaltools.gnu-tools-for-stm32.11.3.rel1.win32_1.1.100.202309141235/tools/bin/../lib/gcc/arm-none-eabi/11.3.1/../../../../arm-none-eabi/lib/thumb/v7e-m+dp/hard\libc_nano.a(libc_a-memset.o)
                0x00000000080068d0                memset
 .text._close_r
                0x00000000080068e0       0x20 C:/my_workspace/my_software/stm32cubeide/STM32CubeIDE_1.14.1/STM32CubeIDE/plugins/com.st.stm32cube.ide.mcu.externaltools.gnu-tools-for-stm32.11.3.rel1.win32_1.1.100.202309141235/tools/bin/../lib/gcc/arm-none-eabi/11.3.1/../../../../arm-none-eabi/lib/thumb/v7e-m+dp/hard\libc_nano.a(libc_a-closer.o)
                0x00000000080068e0                _close_r
 .text._reclaim_reent
                0x0000000008006900       0xac C:/my_workspace/my_software/stm32cubeide/STM32CubeIDE_1.14.1/STM32CubeIDE/plugins/com.st.stm32cube.ide.mcu.externaltools.gnu-tools-for-stm32.11.3.rel1.win32_1.1.100.202309141235/tools/bin/../lib/gcc/arm-none-eabi/11.3.1/../../../../arm-none-eabi/lib/thumb/v7e-m+dp/hard\libc_nano.a(libc_a-reent.o)
                0x0000000008006900                _reclaim_reent
 .text._lseek_r
                0x00000000080069ac       0x24 C:/my_workspace/my_software/stm32cubeide/STM32CubeIDE_1.14.1/STM32CubeIDE/plugins/com.st.stm32cube.ide.mcu.externaltools.gnu-tools-for-stm32.11.3.rel1.win32_1.1.100.202309141235/tools/bin/../lib/gcc/arm-none-eabi/11.3.1/../../../../arm-none-eabi/lib/thumb/v7e-m+dp/hard\libc_nano.a(libc_a-lseekr.o)
                0x00000000080069ac                _lseek_r
 .text._read_r  0x00000000080069d0       0x24 C:/my_workspace/my_software/stm32cubeide/STM32CubeIDE_1.14.1/STM32CubeIDE/plugins/com.st.stm32cube.ide.mcu.externaltools.gnu-tools-for-stm32.11.3.rel1.win32_1.1.100.202309141235/tools/bin/../lib/gcc/arm-none-eabi/11.3.1/../../../../arm-none-eabi/lib/thumb/v7e-m+dp/hard\libc_nano.a(libc_a-readr.o)
                0x00000000080069d0                _read_r
 .text._write_r
                0x00000000080069f4       0x24 C:/my_workspace/my_software/stm32cubeide/STM32CubeIDE_1.14.1/STM32CubeIDE/plugins/com.st.stm32cube.ide.mcu.externaltools.gnu-tools-for-stm32.11.3.rel1.win32_1.1.100.202309141235/tools/bin/../lib/gcc/arm-none-eabi/11.3.1/../../../../arm-none-eabi/lib/thumb/v7e-m+dp/hard\libc_nano.a(libc_a-writer.o)
                0x00000000080069f4                _write_r
 .text.__errno  0x0000000008006a18        0xc C:/my_workspace/my_software/stm32cubeide/STM32CubeIDE_1.14.1/STM32CubeIDE/plugins/com.st.stm32cube.ide.mcu.externaltools.gnu-tools-for-stm32.11.3.rel1.win32_1.1.100.202309141235/tools/bin/../lib/gcc/arm-none-eabi/11.3.1/../../../../arm-none-eabi/lib/thumb/v7e-m+dp/hard\libc_nano.a(libc_a-errno.o)
                0x0000000008006a18                __errno
 .text.__libc_init_array
                0x0000000008006a24       0x48 C:/my_workspace/my_software/stm32cubeide/STM32CubeIDE_1.14.1/STM32CubeIDE/plugins/com.st.stm32cube.ide.mcu.externaltools.gnu-tools-for-stm32.11.3.rel1.win32_1.1.100.202309141235/tools/bin/../lib/gcc/arm-none-eabi/11.3.1/../../../../arm-none-eabi/lib/thumb/v7e-m+dp/hard\libc_nano.a(libc_a-init.o)
                0x0000000008006a24                __libc_init_array
 .text.__retarget_lock_init_recursive
                0x0000000008006a6c        0x2 C:/my_workspace/my_software/stm32cubeide/STM32CubeIDE_1.14.1/STM32CubeIDE/plugins/com.st.stm32cube.ide.mcu.externaltools.gnu-tools-for-stm32.11.3.rel1.win32_1.1.100.202309141235/tools/bin/../lib/gcc/arm-none-eabi/11.3.1/../../../../arm-none-eabi/lib/thumb/v7e-m+dp/hard\libc_nano.a(libc_a-lock.o)
                0x0000000008006a6c                __retarget_lock_init_recursive
 .text.__retarget_lock_acquire_recursive
                0x0000000008006a6e        0x2 C:/my_workspace/my_software/stm32cubeide/STM32CubeIDE_1.14.1/STM32CubeIDE/plugins/com.st.stm32cube.ide.mcu.externaltools.gnu-tools-for-stm32.11.3.rel1.win32_1.1.100.202309141235/tools/bin/../lib/gcc/arm-none-eabi/11.3.1/../../../../arm-none-eabi/lib/thumb/v7e-m+dp/hard\libc_nano.a(libc_a-lock.o)
                0x0000000008006a6e                __retarget_lock_acquire_recursive
 .text.__retarget_lock_release_recursive
                0x0000000008006a70        0x2 C:/my_workspace/my_software/stm32cubeide/STM32CubeIDE_1.14.1/STM32CubeIDE/plugins/com.st.stm32cube.ide.mcu.externaltools.gnu-tools-for-stm32.11.3.rel1.win32_1.1.100.202309141235/tools/bin/../lib/gcc/arm-none-eabi/11.3.1/../../../../arm-none-eabi/lib/thumb/v7e-m+dp/hard\libc_nano.a(libc_a-lock.o)
                0x0000000008006a70                __retarget_lock_release_recursive
 *fill*         0x0000000008006a72        0x2 
 .text._free_r  0x0000000008006a74       0x98 C:/my_workspace/my_software/stm32cubeide/STM32CubeIDE_1.14.1/STM32CubeIDE/plugins/com.st.stm32cube.ide.mcu.externaltools.gnu-tools-for-stm32.11.3.rel1.win32_1.1.100.202309141235/tools/bin/../lib/gcc/arm-none-eabi/11.3.1/../../../../arm-none-eabi/lib/thumb/v7e-m+dp/hard\libc_nano.a(libc_a-freer.o)
                0x0000000008006a74                _free_r
 .text.sbrk_aligned
                0x0000000008006b0c       0x40 C:/my_workspace/my_software/stm32cubeide/STM32CubeIDE_1.14.1/STM32CubeIDE/plugins/com.st.stm32cube.ide.mcu.externaltools.gnu-tools-for-stm32.11.3.rel1.win32_1.1.100.202309141235/tools/bin/../lib/gcc/arm-none-eabi/11.3.1/../../../../arm-none-eabi/lib/thumb/v7e-m+dp/hard\libc_nano.a(libc_a-mallocr.o)
 .text._malloc_r
                0x0000000008006b4c      0x100 C:/my_workspace/my_software/stm32cubeide/STM32CubeIDE_1.14.1/STM32CubeIDE/plugins/com.st.stm32cube.ide.mcu.externaltools.gnu-tools-for-stm32.11.3.rel1.win32_1.1.100.202309141235/tools/bin/../lib/gcc/arm-none-eabi/11.3.1/../../../../arm-none-eabi/lib/thumb/v7e-m+dp/hard\libc_nano.a(libc_a-mallocr.o)
                0x0000000008006b4c                _malloc_r
 .text.__malloc_lock
                0x0000000008006c4c        0xc C:/my_workspace/my_software/stm32cubeide/STM32CubeIDE_1.14.1/STM32CubeIDE/plugins/com.st.stm32cube.ide.mcu.externaltools.gnu-tools-for-stm32.11.3.rel1.win32_1.1.100.202309141235/tools/bin/../lib/gcc/arm-none-eabi/11.3.1/../../../../arm-none-eabi/lib/thumb/v7e-m+dp/hard\libc_nano.a(libc_a-mlock.o)
                0x0000000008006c4c                __malloc_lock
 .text.__malloc_unlock
                0x0000000008006c58        0xc C:/my_workspace/my_software/stm32cubeide/STM32CubeIDE_1.14.1/STM32CubeIDE/plugins/com.st.stm32cube.ide.mcu.externaltools.gnu-tools-for-stm32.11.3.rel1.win32_1.1.100.202309141235/tools/bin/../lib/gcc/arm-none-eabi/11.3.1/../../../../arm-none-eabi/lib/thumb/v7e-m+dp/hard\libc_nano.a(libc_a-mlock.o)
                0x0000000008006c58                __malloc_unlock
 .text.__sflush_r
                0x0000000008006c64      0x10c C:/my_workspace/my_software/stm32cubeide/STM32CubeIDE_1.14.1/STM32CubeIDE/plugins/com.st.stm32cube.ide.mcu.externaltools.gnu-tools-for-stm32.11.3.rel1.win32_1.1.100.202309141235/tools/bin/../lib/gcc/arm-none-eabi/11.3.1/../../../../arm-none-eabi/lib/thumb/v7e-m+dp/hard\libc_nano.a(libc_a-fflush.o)
                0x0000000008006c64                __sflush_r
 .text._fflush_r
                0x0000000008006d70       0x50 C:/my_workspace/my_software/stm32cubeide/STM32CubeIDE_1.14.1/STM32CubeIDE/plugins/com.st.stm32cube.ide.mcu.externaltools.gnu-tools-for-stm32.11.3.rel1.win32_1.1.100.202309141235/tools/bin/../lib/gcc/arm-none-eabi/11.3.1/../../../../arm-none-eabi/lib/thumb/v7e-m+dp/hard\libc_nano.a(libc_a-fflush.o)
                0x0000000008006d70                _fflush_r
 .text.__swhatbuf_r
                0x0000000008006dc0       0x4c C:/my_workspace/my_software/stm32cubeide/STM32CubeIDE_1.14.1/STM32CubeIDE/plugins/com.st.stm32cube.ide.mcu.externaltools.gnu-tools-for-stm32.11.3.rel1.win32_1.1.100.202309141235/tools/bin/../lib/gcc/arm-none-eabi/11.3.1/../../../../arm-none-eabi/lib/thumb/v7e-m+dp/hard\libc_nano.a(libc_a-makebuf.o)
                0x0000000008006dc0                __swhatbuf_r
 .text.__smakebuf_r
                0x0000000008006e0c       0x78 C:/my_workspace/my_software/stm32cubeide/STM32CubeIDE_1.14.1/STM32CubeIDE/plugins/com.st.stm32cube.ide.mcu.externaltools.gnu-tools-for-stm32.11.3.rel1.win32_1.1.100.202309141235/tools/bin/../lib/gcc/arm-none-eabi/11.3.1/../../../../arm-none-eabi/lib/thumb/v7e-m+dp/hard\libc_nano.a(libc_a-makebuf.o)
                0x0000000008006e0c                __smakebuf_r
 .text._fstat_r
                0x0000000008006e84       0x24 C:/my_workspace/my_software/stm32cubeide/STM32CubeIDE_1.14.1/STM32CubeIDE/plugins/com.st.stm32cube.ide.mcu.externaltools.gnu-tools-for-stm32.11.3.rel1.win32_1.1.100.202309141235/tools/bin/../lib/gcc/arm-none-eabi/11.3.1/../../../../arm-none-eabi/lib/thumb/v7e-m+dp/hard\libc_nano.a(libc_a-fstatr.o)
                0x0000000008006e84                _fstat_r
 .text._isatty_r
                0x0000000008006ea8       0x20 C:/my_workspace/my_software/stm32cubeide/STM32CubeIDE_1.14.1/STM32CubeIDE/plugins/com.st.stm32cube.ide.mcu.externaltools.gnu-tools-for-stm32.11.3.rel1.win32_1.1.100.202309141235/tools/bin/../lib/gcc/arm-none-eabi/11.3.1/../../../../arm-none-eabi/lib/thumb/v7e-m+dp/hard\libc_nano.a(libc_a-isattyr.o)
                0x0000000008006ea8                _isatty_r
 .text._sbrk_r  0x0000000008006ec8       0x20 C:/my_workspace/my_software/stm32cubeide/STM32CubeIDE_1.14.1/STM32CubeIDE/plugins/com.st.stm32cube.ide.mcu.externaltools.gnu-tools-for-stm32.11.3.rel1.win32_1.1.100.202309141235/tools/bin/../lib/gcc/arm-none-eabi/11.3.1/../../../../arm-none-eabi/lib/thumb/v7e-m+dp/hard\libc_nano.a(libc_a-sbrkr.o)
                0x0000000008006ec8                _sbrk_r
 *(.glue_7)
 .glue_7        0x0000000008006ee8        0x0 linker stubs
 *(.glue_7t)
 .glue_7t       0x0000000008006ee8        0x0 linker stubs
 *(.eh_frame)
 .eh_frame      0x0000000008006ee8        0x0 C:/my_workspace/my_software/stm32cubeide/STM32CubeIDE_1.14.1/STM32CubeIDE/plugins/com.st.stm32cube.ide.mcu.externaltools.gnu-tools-for-stm32.11.3.rel1.win32_1.1.100.202309141235/tools/bin/../lib/gcc/arm-none-eabi/11.3.1/thumb/v7e-m+dp/hard/crtbegin.o
 *(.init)
 .init          0x0000000008006ee8        0x4 C:/my_workspace/my_software/stm32cubeide/STM32CubeIDE_1.14.1/STM32CubeIDE/plugins/com.st.stm32cube.ide.mcu.externaltools.gnu-tools-for-stm32.11.3.rel1.win32_1.1.100.202309141235/tools/bin/../lib/gcc/arm-none-eabi/11.3.1/thumb/v7e-m+dp/hard/crti.o
                0x0000000008006ee8                _init
 .init          0x0000000008006eec        0x8 C:/my_workspace/my_software/stm32cubeide/STM32CubeIDE_1.14.1/STM32CubeIDE/plugins/com.st.stm32cube.ide.mcu.externaltools.gnu-tools-for-stm32.11.3.rel1.win32_1.1.100.202309141235/tools/bin/../lib/gcc/arm-none-eabi/11.3.1/thumb/v7e-m+dp/hard/crtn.o
 *(.fini)
 .fini          0x0000000008006ef4        0x4 C:/my_workspace/my_software/stm32cubeide/STM32CubeIDE_1.14.1/STM32CubeIDE/plugins/com.st.stm32cube.ide.mcu.externaltools.gnu-tools-for-stm32.11.3.rel1.win32_1.1.100.202309141235/tools/bin/../lib/gcc/arm-none-eabi/11.3.1/thumb/v7e-m+dp/hard/crti.o
                0x0000000008006ef4                _fini
 .fini          0x0000000008006ef8        0x8 C:/my_workspace/my_software/stm32cubeide/STM32CubeIDE_1.14.1/STM32CubeIDE/plugins/com.st.stm32cube.ide.mcu.externaltools.gnu-tools-for-stm32.11.3.rel1.win32_1.1.100.202309141235/tools/bin/../lib/gcc/arm-none-eabi/11.3.1/thumb/v7e-m+dp/hard/crtn.o
                0x0000000008006f00                . = ALIGN (0x4)
                0x0000000008006f00                _etext = .

.vfp11_veneer   0x0000000008006f00        0x0
 .vfp11_veneer  0x0000000008006f00        0x0 linker stubs

.v4_bx          0x0000000008006f00        0x0
 .v4_bx         0x0000000008006f00        0x0 linker stubs

.iplt           0x0000000008006f00        0x0
 .iplt          0x0000000008006f00        0x0 C:/my_workspace/my_software/stm32cubeide/STM32CubeIDE_1.14.1/STM32CubeIDE/plugins/com.st.stm32cube.ide.mcu.externaltools.gnu-tools-for-stm32.11.3.rel1.win32_1.1.100.202309141235/tools/bin/../lib/gcc/arm-none-eabi/11.3.1/thumb/v7e-m+dp/hard/crtbegin.o

.rodata         0x0000000008006f00       0xc4
                0x0000000008006f00                . = ALIGN (0x4)
 *(.rodata)
 .rodata        0x0000000008006f00       0x9a ./Core/Src/freertos.o
 *fill*         0x0000000008006f9a        0x2 
 .rodata        0x0000000008006f9c        0x5 ./Middlewares/Third_Party/FreeRTOS/Source/tasks.o
 *(.rodata*)
 *fill*         0x0000000008006fa1        0x3 
 .rodata.AHBPrescTable
                0x0000000008006fa4       0x10 ./Core/Src/system_stm32f7xx.o
                0x0000000008006fa4                AHBPrescTable
 .rodata.APBPrescTable
                0x0000000008006fb4        0x8 ./Core/Src/system_stm32f7xx.o
                0x0000000008006fb4                APBPrescTable
 .rodata.flagBitshiftOffset.0
                0x0000000008006fbc        0x8 ./Drivers/STM32F7xx_HAL_Driver/Src/stm32f7xx_hal_dma.o
                0x0000000008006fc4                . = ALIGN (0x4)

.ARM.extab      0x0000000008006fc4        0x0
                0x0000000008006fc4                . = ALIGN (0x4)
 *(.ARM.extab* .gnu.linkonce.armextab.*)
                0x0000000008006fc4                . = ALIGN (0x4)

.ARM            0x0000000008006fc4        0x8
                0x0000000008006fc4                . = ALIGN (0x4)
                0x0000000008006fc4                __exidx_start = .
 *(.ARM.exidx*)
 .ARM.exidx     0x0000000008006fc4        0x8 C:/my_workspace/my_software/stm32cubeide/STM32CubeIDE_1.14.1/STM32CubeIDE/plugins/com.st.stm32cube.ide.mcu.externaltools.gnu-tools-for-stm32.11.3.rel1.win32_1.1.100.202309141235/tools/bin/../lib/gcc/arm-none-eabi/11.3.1/thumb/v7e-m+dp/hard\libgcc.a(_udivmoddi4.o)
                0x0000000008006fcc                __exidx_end = .
                0x0000000008006fcc                . = ALIGN (0x4)

.rel.dyn        0x0000000008006fcc        0x0
 .rel.iplt      0x0000000008006fcc        0x0 C:/my_workspace/my_software/stm32cubeide/STM32CubeIDE_1.14.1/STM32CubeIDE/plugins/com.st.stm32cube.ide.mcu.externaltools.gnu-tools-for-stm32.11.3.rel1.win32_1.1.100.202309141235/tools/bin/../lib/gcc/arm-none-eabi/11.3.1/thumb/v7e-m+dp/hard/crtbegin.o

.preinit_array  0x0000000008006fcc        0x0
                0x0000000008006fcc                . = ALIGN (0x4)
                0x0000000008006fcc                PROVIDE (__preinit_array_start = .)
 *(.preinit_array*)
                0x0000000008006fcc                PROVIDE (__preinit_array_end = .)
                0x0000000008006fcc                . = ALIGN (0x4)

.init_array     0x0000000008006fcc        0x4
                0x0000000008006fcc                . = ALIGN (0x4)
                0x0000000008006fcc                PROVIDE (__init_array_start = .)
 *(SORT_BY_NAME(.init_array.*))
 *(.init_array*)
 .init_array    0x0000000008006fcc        0x4 C:/my_workspace/my_software/stm32cubeide/STM32CubeIDE_1.14.1/STM32CubeIDE/plugins/com.st.stm32cube.ide.mcu.externaltools.gnu-tools-for-stm32.11.3.rel1.win32_1.1.100.202309141235/tools/bin/../lib/gcc/arm-none-eabi/11.3.1/thumb/v7e-m+dp/hard/crtbegin.o
                0x0000000008006fd0                PROVIDE (__init_array_end = .)
                0x0000000008006fd0                . = ALIGN (0x4)

.fini_array     0x0000000008006fd0        0x4
                0x0000000008006fd0                . = ALIGN (0x4)
                [!provide]                        PROVIDE (__fini_array_start = .)
 *(SORT_BY_NAME(.fini_array.*))
 *(.fini_array*)
 .fini_array    0x0000000008006fd0        0x4 C:/my_workspace/my_software/stm32cubeide/STM32CubeIDE_1.14.1/STM32CubeIDE/plugins/com.st.stm32cube.ide.mcu.externaltools.gnu-tools-for-stm32.11.3.rel1.win32_1.1.100.202309141235/tools/bin/../lib/gcc/arm-none-eabi/11.3.1/thumb/v7e-m+dp/hard/crtbegin.o
                [!provide]                        PROVIDE (__fini_array_end = .)
                0x0000000008006fd4                . = ALIGN (0x4)
                0x0000000008006fd4                _sidata = LOADADDR (.data)

.data           0x0000000020000000       0x6c load address 0x0000000008006fd4
                0x0000000020000000                . = ALIGN (0x4)
                0x0000000020000000                _sdata = .
 *(.data)
 *(.data*)
 .data.SystemCoreClock
                0x0000000020000000        0x4 ./Core/Src/system_stm32f7xx.o
                0x0000000020000000                SystemCoreClock
 .data.uwTickPrio
                0x0000000020000004        0x4 ./Drivers/STM32F7xx_HAL_Driver/Src/stm32f7xx_hal.o
                0x0000000020000004                uwTickPrio
 .data.uwTickFreq
                0x0000000020000008        0x1 ./Drivers/STM32F7xx_HAL_Driver/Src/stm32f7xx_hal.o
                0x0000000020000008                uwTickFreq
 *fill*         0x0000000020000009        0x3 
 .data.uxCriticalNesting
                0x000000002000000c        0x4 ./Middlewares/Third_Party/FreeRTOS/Source/portable/GCC/ARM_CM7/r0p1/port.o
 .data.__sglue  0x0000000020000010        0xc C:/my_workspace/my_software/stm32cubeide/STM32CubeIDE_1.14.1/STM32CubeIDE/plugins/com.st.stm32cube.ide.mcu.externaltools.gnu-tools-for-stm32.11.3.rel1.win32_1.1.100.202309141235/tools/bin/../lib/gcc/arm-none-eabi/11.3.1/../../../../arm-none-eabi/lib/thumb/v7e-m+dp/hard\libc_nano.a(libc_a-findfp.o)
                0x0000000020000010                __sglue
 .data._impure_data
                0x000000002000001c       0x4c C:/my_workspace/my_software/stm32cubeide/STM32CubeIDE_1.14.1/STM32CubeIDE/plugins/com.st.stm32cube.ide.mcu.externaltools.gnu-tools-for-stm32.11.3.rel1.win32_1.1.100.202309141235/tools/bin/../lib/gcc/arm-none-eabi/11.3.1/../../../../arm-none-eabi/lib/thumb/v7e-m+dp/hard\libc_nano.a(libc_a-impure.o)
                0x000000002000001c                _impure_data
 .data._impure_ptr
                0x0000000020000068        0x4 C:/my_workspace/my_software/stm32cubeide/STM32CubeIDE_1.14.1/STM32CubeIDE/plugins/com.st.stm32cube.ide.mcu.externaltools.gnu-tools-for-stm32.11.3.rel1.win32_1.1.100.202309141235/tools/bin/../lib/gcc/arm-none-eabi/11.3.1/../../../../arm-none-eabi/lib/thumb/v7e-m+dp/hard\libc_nano.a(libc_a-impure.o)
                0x0000000020000068                _impure_ptr
 *(.RamFunc)
 *(.RamFunc*)
                0x000000002000006c                . = ALIGN (0x4)
                0x000000002000006c                _edata = .

.igot.plt       0x000000002000006c        0x0 load address 0x0000000008007040
 .igot.plt      0x000000002000006c        0x0 C:/my_workspace/my_software/stm32cubeide/STM32CubeIDE_1.14.1/STM32CubeIDE/plugins/com.st.stm32cube.ide.mcu.externaltools.gnu-tools-for-stm32.11.3.rel1.win32_1.1.100.202309141235/tools/bin/../lib/gcc/arm-none-eabi/11.3.1/thumb/v7e-m+dp/hard/crtbegin.o
                0x000000002000006c                . = ALIGN (0x4)

.bss            0x000000002000006c    0x1b550 load address 0x0000000008007040
                0x000000002000006c                _sbss = .
                0x000000002000006c                __bss_start__ = _sbss
 *(.bss)
 .bss           0x000000002000006c       0x1c C:/my_workspace/my_software/stm32cubeide/STM32CubeIDE_1.14.1/STM32CubeIDE/plugins/com.st.stm32cube.ide.mcu.externaltools.gnu-tools-for-stm32.11.3.rel1.win32_1.1.100.202309141235/tools/bin/../lib/gcc/arm-none-eabi/11.3.1/thumb/v7e-m+dp/hard/crtbegin.o
 *(.bss*)
 .bss.fac_ms    0x0000000020000088        0x4 ./Core/Src/delay.o
 .bss.jumpFlag  0x000000002000008c        0x1 ./Core/Src/freertos.o
                0x000000002000008c                jumpFlag
 *fill*         0x000000002000008d        0x3 
 .bss.jumpTaskHandle
                0x0000000020000090        0x4 ./Core/Src/freertos.o
                0x0000000020000090                jumpTaskHandle
 .bss.defaultTaskHandle
                0x0000000020000094        0x4 ./Core/Src/freertos.o
                0x0000000020000094                defaultTaskHandle
 .bss.jump2app  0x0000000020000098        0x4 ./Core/Src/freertos.o
                0x0000000020000098                jump2app
 .bss.xIdleTaskTCBBuffer
                0x000000002000009c       0xa0 ./Core/Src/freertos.o
 .bss.xIdleStack
                0x000000002000013c     0x2000 ./Core/Src/freertos.o
 .bss.hqspi     0x000000002000213c       0x4c ./Core/Src/quadspi.o
                0x000000002000213c                hqspi
 .bss.htim10    0x0000000020002188       0x4c ./Core/Src/stm32f7xx_hal_timebase_tim.o
                0x0000000020002188                htim10
 .bss.__sbrk_heap_end
                0x00000000200021d4        0x4 ./Core/Src/sysmem.o
 .bss.huart1    0x00000000200021d8       0x88 ./Core/Src/usart.o
                0x00000000200021d8                huart1
 .bss.hdma_usart1_tx
                0x0000000020002260       0x60 ./Core/Src/usart.o
                0x0000000020002260                hdma_usart1_tx
 .bss.hdma_usart1_rx
                0x00000000200022c0       0x60 ./Core/Src/usart.o
                0x00000000200022c0                hdma_usart1_rx
 .bss.uwTick    0x0000000020002320        0x4 ./Drivers/STM32F7xx_HAL_Driver/Src/stm32f7xx_hal.o
                0x0000000020002320                uwTick
 .bss.pxCurrentTCB
                0x0000000020002324        0x4 ./Middlewares/Third_Party/FreeRTOS/Source/tasks.o
                0x0000000020002324                pxCurrentTCB
 .bss.pxReadyTasksLists
                0x0000000020002328       0x8c ./Middlewares/Third_Party/FreeRTOS/Source/tasks.o
 .bss.xDelayedTaskList1
                0x00000000200023b4       0x14 ./Middlewares/Third_Party/FreeRTOS/Source/tasks.o
 .bss.xDelayedTaskList2
                0x00000000200023c8       0x14 ./Middlewares/Third_Party/FreeRTOS/Source/tasks.o
 .bss.pxDelayedTaskList
                0x00000000200023dc        0x4 ./Middlewares/Third_Party/FreeRTOS/Source/tasks.o
 .bss.pxOverflowDelayedTaskList
                0x00000000200023e0        0x4 ./Middlewares/Third_Party/FreeRTOS/Source/tasks.o
 .bss.xPendingReadyList
                0x00000000200023e4       0x14 ./Middlewares/Third_Party/FreeRTOS/Source/tasks.o
 .bss.xTasksWaitingTermination
                0x00000000200023f8       0x14 ./Middlewares/Third_Party/FreeRTOS/Source/tasks.o
 .bss.uxDeletedTasksWaitingCleanUp
                0x000000002000240c        0x4 ./Middlewares/Third_Party/FreeRTOS/Source/tasks.o
 .bss.xSuspendedTaskList
                0x0000000020002410       0x14 ./Middlewares/Third_Party/FreeRTOS/Source/tasks.o
 .bss.uxCurrentNumberOfTasks
                0x0000000020002424        0x4 ./Middlewares/Third_Party/FreeRTOS/Source/tasks.o
 .bss.xTickCount
                0x0000000020002428        0x4 ./Middlewares/Third_Party/FreeRTOS/Source/tasks.o
 .bss.uxTopReadyPriority
                0x000000002000242c        0x4 ./Middlewares/Third_Party/FreeRTOS/Source/tasks.o
 .bss.xSchedulerRunning
                0x0000000020002430        0x4 ./Middlewares/Third_Party/FreeRTOS/Source/tasks.o
 .bss.uxPendedTicks
                0x0000000020002434        0x4 ./Middlewares/Third_Party/FreeRTOS/Source/tasks.o
 .bss.xYieldPending
                0x0000000020002438        0x4 ./Middlewares/Third_Party/FreeRTOS/Source/tasks.o
 .bss.xNumOfOverflows
                0x000000002000243c        0x4 ./Middlewares/Third_Party/FreeRTOS/Source/tasks.o
 .bss.uxTaskNumber
                0x0000000020002440        0x4 ./Middlewares/Third_Party/FreeRTOS/Source/tasks.o
 .bss.xNextTaskUnblockTime
                0x0000000020002444        0x4 ./Middlewares/Third_Party/FreeRTOS/Source/tasks.o
 .bss.xIdleTaskHandle
                0x0000000020002448        0x4 ./Middlewares/Third_Party/FreeRTOS/Source/tasks.o
 .bss.uxSchedulerSuspended
                0x000000002000244c        0x4 ./Middlewares/Third_Party/FreeRTOS/Source/tasks.o
 .bss.ucMaxSysCallPriority
                0x0000000020002450        0x1 ./Middlewares/Third_Party/FreeRTOS/Source/portable/GCC/ARM_CM7/r0p1/port.o
 *fill*         0x0000000020002451        0x3 
 .bss.ulMaxPRIGROUPValue
                0x0000000020002454        0x4 ./Middlewares/Third_Party/FreeRTOS/Source/portable/GCC/ARM_CM7/r0p1/port.o
 .bss.ucHeap    0x0000000020002458    0x19000 ./Middlewares/Third_Party/FreeRTOS/Source/portable/MemMang/heap_4.o
 .bss.xStart    0x000000002001b458        0x8 ./Middlewares/Third_Party/FreeRTOS/Source/portable/MemMang/heap_4.o
 .bss.pxEnd     0x000000002001b460        0x4 ./Middlewares/Third_Party/FreeRTOS/Source/portable/MemMang/heap_4.o
 .bss.xFreeBytesRemaining
                0x000000002001b464        0x4 ./Middlewares/Third_Party/FreeRTOS/Source/portable/MemMang/heap_4.o
 .bss.xMinimumEverFreeBytesRemaining
                0x000000002001b468        0x4 ./Middlewares/Third_Party/FreeRTOS/Source/portable/MemMang/heap_4.o
 .bss.xBlockAllocatedBit
                0x000000002001b46c        0x4 ./Middlewares/Third_Party/FreeRTOS/Source/portable/MemMang/heap_4.o
 .bss.__sf      0x000000002001b470      0x138 C:/my_workspace/my_software/stm32cubeide/STM32CubeIDE_1.14.1/STM32CubeIDE/plugins/com.st.stm32cube.ide.mcu.externaltools.gnu-tools-for-stm32.11.3.rel1.win32_1.1.100.202309141235/tools/bin/../lib/gcc/arm-none-eabi/11.3.1/../../../../arm-none-eabi/lib/thumb/v7e-m+dp/hard\libc_nano.a(libc_a-findfp.o)
                0x000000002001b470                __sf
 .bss.__stdio_exit_handler
                0x000000002001b5a8        0x4 C:/my_workspace/my_software/stm32cubeide/STM32CubeIDE_1.14.1/STM32CubeIDE/plugins/com.st.stm32cube.ide.mcu.externaltools.gnu-tools-for-stm32.11.3.rel1.win32_1.1.100.202309141235/tools/bin/../lib/gcc/arm-none-eabi/11.3.1/../../../../arm-none-eabi/lib/thumb/v7e-m+dp/hard\libc_nano.a(libc_a-findfp.o)
                0x000000002001b5a8                __stdio_exit_handler
 .bss.errno     0x000000002001b5ac        0x4 C:/my_workspace/my_software/stm32cubeide/STM32CubeIDE_1.14.1/STM32CubeIDE/plugins/com.st.stm32cube.ide.mcu.externaltools.gnu-tools-for-stm32.11.3.rel1.win32_1.1.100.202309141235/tools/bin/../lib/gcc/arm-none-eabi/11.3.1/../../../../arm-none-eabi/lib/thumb/v7e-m+dp/hard\libc_nano.a(libc_a-reent.o)
                0x000000002001b5ac                errno
 .bss.__lock___malloc_recursive_mutex
                0x000000002001b5b0        0x1 C:/my_workspace/my_software/stm32cubeide/STM32CubeIDE_1.14.1/STM32CubeIDE/plugins/com.st.stm32cube.ide.mcu.externaltools.gnu-tools-for-stm32.11.3.rel1.win32_1.1.100.202309141235/tools/bin/../lib/gcc/arm-none-eabi/11.3.1/../../../../arm-none-eabi/lib/thumb/v7e-m+dp/hard\libc_nano.a(libc_a-lock.o)
                0x000000002001b5b0                __lock___malloc_recursive_mutex
 .bss.__lock___sfp_recursive_mutex
                0x000000002001b5b1        0x1 C:/my_workspace/my_software/stm32cubeide/STM32CubeIDE_1.14.1/STM32CubeIDE/plugins/com.st.stm32cube.ide.mcu.externaltools.gnu-tools-for-stm32.11.3.rel1.win32_1.1.100.202309141235/tools/bin/../lib/gcc/arm-none-eabi/11.3.1/../../../../arm-none-eabi/lib/thumb/v7e-m+dp/hard\libc_nano.a(libc_a-lock.o)
                0x000000002001b5b1                __lock___sfp_recursive_mutex
 *fill*         0x000000002001b5b2        0x2 
 .bss.__malloc_free_list
                0x000000002001b5b4        0x4 C:/my_workspace/my_software/stm32cubeide/STM32CubeIDE_1.14.1/STM32CubeIDE/plugins/com.st.stm32cube.ide.mcu.externaltools.gnu-tools-for-stm32.11.3.rel1.win32_1.1.100.202309141235/tools/bin/../lib/gcc/arm-none-eabi/11.3.1/../../../../arm-none-eabi/lib/thumb/v7e-m+dp/hard\libc_nano.a(libc_a-mallocr.o)
                0x000000002001b5b4                __malloc_free_list
 .bss.__malloc_sbrk_start
                0x000000002001b5b8        0x4 C:/my_workspace/my_software/stm32cubeide/STM32CubeIDE_1.14.1/STM32CubeIDE/plugins/com.st.stm32cube.ide.mcu.externaltools.gnu-tools-for-stm32.11.3.rel1.win32_1.1.100.202309141235/tools/bin/../lib/gcc/arm-none-eabi/11.3.1/../../../../arm-none-eabi/lib/thumb/v7e-m+dp/hard\libc_nano.a(libc_a-mallocr.o)
                0x000000002001b5b8                __malloc_sbrk_start
 *(COMMON)
                0x000000002001b5bc                . = ALIGN (0x4)
                0x000000002001b5bc                _ebss = .
                0x000000002001b5bc                __bss_end__ = _ebss

._user_heap_stack
                0x000000002001b5bc     0x4004 load address 0x0000000008007040
                0x000000002001b5c0                . = ALIGN (0x8)
 *fill*         0x000000002001b5bc        0x4 
                [!provide]                        PROVIDE (end = .)
                0x000000002001b5c0                PROVIDE (_end = .)
                0x000000002001d5c0                . = (. + _Min_Heap_Size)
 *fill*         0x000000002001b5c0     0x2000 
                0x000000002001f5c0                . = (. + _Min_Stack_Size)
 *fill*         0x000000002001d5c0     0x2000 
                0x000000002001f5c0                . = ALIGN (0x8)

/DISCARD/
 libc.a(*)
 libm.a(*)
 libgcc.a(*)

.ARM.attributes
                0x0000000000000000       0x2e
 *(.ARM.attributes)
 .ARM.attributes
                0x0000000000000000       0x1e C:/my_workspace/my_software/stm32cubeide/STM32CubeIDE_1.14.1/STM32CubeIDE/plugins/com.st.stm32cube.ide.mcu.externaltools.gnu-tools-for-stm32.11.3.rel1.win32_1.1.100.202309141235/tools/bin/../lib/gcc/arm-none-eabi/11.3.1/thumb/v7e-m+dp/hard/crti.o
 .ARM.attributes
                0x000000000000001e       0x32 C:/my_workspace/my_software/stm32cubeide/STM32CubeIDE_1.14.1/STM32CubeIDE/plugins/com.st.stm32cube.ide.mcu.externaltools.gnu-tools-for-stm32.11.3.rel1.win32_1.1.100.202309141235/tools/bin/../lib/gcc/arm-none-eabi/11.3.1/thumb/v7e-m+dp/hard/crtbegin.o
 .ARM.attributes
                0x0000000000000050       0x32 ./Core/Src/delay.o
 .ARM.attributes
                0x0000000000000082       0x32 ./Core/Src/dma.o
 .ARM.attributes
                0x00000000000000b4       0x32 ./Core/Src/freertos.o
 .ARM.attributes
                0x00000000000000e6       0x32 ./Core/Src/gpio.o
 .ARM.attributes
                0x0000000000000118       0x32 ./Core/Src/main.o
 .ARM.attributes
                0x000000000000014a       0x32 ./Core/Src/quadspi.o
 .ARM.attributes
                0x000000000000017c       0x32 ./Core/Src/reprintf.o
 .ARM.attributes
                0x00000000000001ae       0x32 ./Core/Src/stm32f7xx_hal_msp.o
 .ARM.attributes
                0x00000000000001e0       0x32 ./Core/Src/stm32f7xx_hal_timebase_tim.o
 .ARM.attributes
                0x0000000000000212       0x32 ./Core/Src/stm32f7xx_it.o
 .ARM.attributes
                0x0000000000000244       0x32 ./Core/Src/syscalls.o
 .ARM.attributes
                0x0000000000000276       0x32 ./Core/Src/sysmem.o
 .ARM.attributes
                0x00000000000002a8       0x32 ./Core/Src/system_stm32f7xx.o
 .ARM.attributes
                0x00000000000002da       0x32 ./Core/Src/usart.o
 .ARM.attributes
                0x000000000000030c       0x21 ./Core/Startup/startup_stm32f767igtx.o
 .ARM.attributes
                0x000000000000032d       0x32 ./Drivers/STM32F7xx_HAL_Driver/Src/stm32f7xx_hal.o
 .ARM.attributes
                0x000000000000035f       0x32 ./Drivers/STM32F7xx_HAL_Driver/Src/stm32f7xx_hal_cortex.o
 .ARM.attributes
                0x0000000000000391       0x32 ./Drivers/STM32F7xx_HAL_Driver/Src/stm32f7xx_hal_dma.o
 .ARM.attributes
                0x00000000000003c3       0x32 ./Drivers/STM32F7xx_HAL_Driver/Src/stm32f7xx_hal_gpio.o
 .ARM.attributes
                0x00000000000003f5       0x32 ./Drivers/STM32F7xx_HAL_Driver/Src/stm32f7xx_hal_pwr.o
 .ARM.attributes
                0x0000000000000427       0x32 ./Drivers/STM32F7xx_HAL_Driver/Src/stm32f7xx_hal_pwr_ex.o
 .ARM.attributes
                0x0000000000000459       0x32 ./Drivers/STM32F7xx_HAL_Driver/Src/stm32f7xx_hal_qspi.o
 .ARM.attributes
                0x000000000000048b       0x32 ./Drivers/STM32F7xx_HAL_Driver/Src/stm32f7xx_hal_rcc.o
 .ARM.attributes
                0x00000000000004bd       0x32 ./Drivers/STM32F7xx_HAL_Driver/Src/stm32f7xx_hal_rcc_ex.o
 .ARM.attributes
                0x00000000000004ef       0x32 ./Drivers/STM32F7xx_HAL_Driver/Src/stm32f7xx_hal_tim.o
 .ARM.attributes
                0x0000000000000521       0x32 ./Drivers/STM32F7xx_HAL_Driver/Src/stm32f7xx_hal_tim_ex.o
 .ARM.attributes
                0x0000000000000553       0x32 ./Drivers/STM32F7xx_HAL_Driver/Src/stm32f7xx_hal_uart.o
 .ARM.attributes
                0x0000000000000585       0x32 ./Middlewares/Third_Party/FreeRTOS/Source/CMSIS_RTOS/cmsis_os.o
 .ARM.attributes
                0x00000000000005b7       0x32 ./Middlewares/Third_Party/FreeRTOS/Source/list.o
 .ARM.attributes
                0x00000000000005e9       0x32 ./Middlewares/Third_Party/FreeRTOS/Source/tasks.o
 .ARM.attributes
                0x000000000000061b       0x32 ./Middlewares/Third_Party/FreeRTOS/Source/portable/GCC/ARM_CM7/r0p1/port.o
 .ARM.attributes
                0x000000000000064d       0x32 ./Middlewares/Third_Party/FreeRTOS/Source/portable/MemMang/heap_4.o
 .ARM.attributes
                0x000000000000067f       0x32 C:/my_workspace/my_software/stm32cubeide/STM32CubeIDE_1.14.1/STM32CubeIDE/plugins/com.st.stm32cube.ide.mcu.externaltools.gnu-tools-for-stm32.11.3.rel1.win32_1.1.100.202309141235/tools/bin/../lib/gcc/arm-none-eabi/11.3.1/../../../../arm-none-eabi/lib/thumb/v7e-m+dp/hard\libc_nano.a(libc_a-findfp.o)
 .ARM.attributes
                0x00000000000006b1       0x32 C:/my_workspace/my_software/stm32cubeide/STM32CubeIDE_1.14.1/STM32CubeIDE/plugins/com.st.stm32cube.ide.mcu.externaltools.gnu-tools-for-stm32.11.3.rel1.win32_1.1.100.202309141235/tools/bin/../lib/gcc/arm-none-eabi/11.3.1/../../../../arm-none-eabi/lib/thumb/v7e-m+dp/hard\libc_nano.a(libc_a-fwalk.o)
 .ARM.attributes
                0x00000000000006e3       0x32 C:/my_workspace/my_software/stm32cubeide/STM32CubeIDE_1.14.1/STM32CubeIDE/plugins/com.st.stm32cube.ide.mcu.externaltools.gnu-tools-for-stm32.11.3.rel1.win32_1.1.100.202309141235/tools/bin/../lib/gcc/arm-none-eabi/11.3.1/../../../../arm-none-eabi/lib/thumb/v7e-m+dp/hard\libc_nano.a(libc_a-puts.o)
 .ARM.attributes
                0x0000000000000715       0x32 C:/my_workspace/my_software/stm32cubeide/STM32CubeIDE_1.14.1/STM32CubeIDE/plugins/com.st.stm32cube.ide.mcu.externaltools.gnu-tools-for-stm32.11.3.rel1.win32_1.1.100.202309141235/tools/bin/../lib/gcc/arm-none-eabi/11.3.1/../../../../arm-none-eabi/lib/thumb/v7e-m+dp/hard\libc_nano.a(libc_a-stdio.o)
 .ARM.attributes
                0x0000000000000747       0x32 C:/my_workspace/my_software/stm32cubeide/STM32CubeIDE_1.14.1/STM32CubeIDE/plugins/com.st.stm32cube.ide.mcu.externaltools.gnu-tools-for-stm32.11.3.rel1.win32_1.1.100.202309141235/tools/bin/../lib/gcc/arm-none-eabi/11.3.1/../../../../arm-none-eabi/lib/thumb/v7e-m+dp/hard\libc_nano.a(libc_a-wbuf.o)
 .ARM.attributes
                0x0000000000000779       0x32 C:/my_workspace/my_software/stm32cubeide/STM32CubeIDE_1.14.1/STM32CubeIDE/plugins/com.st.stm32cube.ide.mcu.externaltools.gnu-tools-for-stm32.11.3.rel1.win32_1.1.100.202309141235/tools/bin/../lib/gcc/arm-none-eabi/11.3.1/../../../../arm-none-eabi/lib/thumb/v7e-m+dp/hard\libc_nano.a(libc_a-wsetup.o)
 .ARM.attributes
                0x00000000000007ab       0x32 C:/my_workspace/my_software/stm32cubeide/STM32CubeIDE_1.14.1/STM32CubeIDE/plugins/com.st.stm32cube.ide.mcu.externaltools.gnu-tools-for-stm32.11.3.rel1.win32_1.1.100.202309141235/tools/bin/../lib/gcc/arm-none-eabi/11.3.1/../../../../arm-none-eabi/lib/thumb/v7e-m+dp/hard\libc_nano.a(libc_a-memset.o)
 .ARM.attributes
                0x00000000000007dd       0x32 C:/my_workspace/my_software/stm32cubeide/STM32CubeIDE_1.14.1/STM32CubeIDE/plugins/com.st.stm32cube.ide.mcu.externaltools.gnu-tools-for-stm32.11.3.rel1.win32_1.1.100.202309141235/tools/bin/../lib/gcc/arm-none-eabi/11.3.1/../../../../arm-none-eabi/lib/thumb/v7e-m+dp/hard\libc_nano.a(libc_a-closer.o)
 .ARM.attributes
                0x000000000000080f       0x32 C:/my_workspace/my_software/stm32cubeide/STM32CubeIDE_1.14.1/STM32CubeIDE/plugins/com.st.stm32cube.ide.mcu.externaltools.gnu-tools-for-stm32.11.3.rel1.win32_1.1.100.202309141235/tools/bin/../lib/gcc/arm-none-eabi/11.3.1/../../../../arm-none-eabi/lib/thumb/v7e-m+dp/hard\libc_nano.a(libc_a-reent.o)
 .ARM.attributes
                0x0000000000000841       0x32 C:/my_workspace/my_software/stm32cubeide/STM32CubeIDE_1.14.1/STM32CubeIDE/plugins/com.st.stm32cube.ide.mcu.externaltools.gnu-tools-for-stm32.11.3.rel1.win32_1.1.100.202309141235/tools/bin/../lib/gcc/arm-none-eabi/11.3.1/../../../../arm-none-eabi/lib/thumb/v7e-m+dp/hard\libc_nano.a(libc_a-impure.o)
 .ARM.attributes
                0x0000000000000873       0x32 C:/my_workspace/my_software/stm32cubeide/STM32CubeIDE_1.14.1/STM32CubeIDE/plugins/com.st.stm32cube.ide.mcu.externaltools.gnu-tools-for-stm32.11.3.rel1.win32_1.1.100.202309141235/tools/bin/../lib/gcc/arm-none-eabi/11.3.1/../../../../arm-none-eabi/lib/thumb/v7e-m+dp/hard\libc_nano.a(libc_a-lseekr.o)
 .ARM.attributes
                0x00000000000008a5       0x32 C:/my_workspace/my_software/stm32cubeide/STM32CubeIDE_1.14.1/STM32CubeIDE/plugins/com.st.stm32cube.ide.mcu.externaltools.gnu-tools-for-stm32.11.3.rel1.win32_1.1.100.202309141235/tools/bin/../lib/gcc/arm-none-eabi/11.3.1/../../../../arm-none-eabi/lib/thumb/v7e-m+dp/hard\libc_nano.a(libc_a-readr.o)
 .ARM.attributes
                0x00000000000008d7       0x32 C:/my_workspace/my_software/stm32cubeide/STM32CubeIDE_1.14.1/STM32CubeIDE/plugins/com.st.stm32cube.ide.mcu.externaltools.gnu-tools-for-stm32.11.3.rel1.win32_1.1.100.202309141235/tools/bin/../lib/gcc/arm-none-eabi/11.3.1/../../../../arm-none-eabi/lib/thumb/v7e-m+dp/hard\libc_nano.a(libc_a-writer.o)
 .ARM.attributes
                0x0000000000000909       0x32 C:/my_workspace/my_software/stm32cubeide/STM32CubeIDE_1.14.1/STM32CubeIDE/plugins/com.st.stm32cube.ide.mcu.externaltools.gnu-tools-for-stm32.11.3.rel1.win32_1.1.100.202309141235/tools/bin/../lib/gcc/arm-none-eabi/11.3.1/../../../../arm-none-eabi/lib/thumb/v7e-m+dp/hard\libc_nano.a(libc_a-errno.o)
 .ARM.attributes
                0x000000000000093b       0x32 C:/my_workspace/my_software/stm32cubeide/STM32CubeIDE_1.14.1/STM32CubeIDE/plugins/com.st.stm32cube.ide.mcu.externaltools.gnu-tools-for-stm32.11.3.rel1.win32_1.1.100.202309141235/tools/bin/../lib/gcc/arm-none-eabi/11.3.1/../../../../arm-none-eabi/lib/thumb/v7e-m+dp/hard\libc_nano.a(libc_a-init.o)
 .ARM.attributes
                0x000000000000096d       0x32 C:/my_workspace/my_software/stm32cubeide/STM32CubeIDE_1.14.1/STM32CubeIDE/plugins/com.st.stm32cube.ide.mcu.externaltools.gnu-tools-for-stm32.11.3.rel1.win32_1.1.100.202309141235/tools/bin/../lib/gcc/arm-none-eabi/11.3.1/../../../../arm-none-eabi/lib/thumb/v7e-m+dp/hard\libc_nano.a(libc_a-lock.o)
 .ARM.attributes
                0x000000000000099f       0x32 C:/my_workspace/my_software/stm32cubeide/STM32CubeIDE_1.14.1/STM32CubeIDE/plugins/com.st.stm32cube.ide.mcu.externaltools.gnu-tools-for-stm32.11.3.rel1.win32_1.1.100.202309141235/tools/bin/../lib/gcc/arm-none-eabi/11.3.1/../../../../arm-none-eabi/lib/thumb/v7e-m+dp/hard\libc_nano.a(libc_a-freer.o)
 .ARM.attributes
                0x00000000000009d1       0x32 C:/my_workspace/my_software/stm32cubeide/STM32CubeIDE_1.14.1/STM32CubeIDE/plugins/com.st.stm32cube.ide.mcu.externaltools.gnu-tools-for-stm32.11.3.rel1.win32_1.1.100.202309141235/tools/bin/../lib/gcc/arm-none-eabi/11.3.1/../../../../arm-none-eabi/lib/thumb/v7e-m+dp/hard\libc_nano.a(libc_a-mallocr.o)
 .ARM.attributes
                0x0000000000000a03       0x32 C:/my_workspace/my_software/stm32cubeide/STM32CubeIDE_1.14.1/STM32CubeIDE/plugins/com.st.stm32cube.ide.mcu.externaltools.gnu-tools-for-stm32.11.3.rel1.win32_1.1.100.202309141235/tools/bin/../lib/gcc/arm-none-eabi/11.3.1/../../../../arm-none-eabi/lib/thumb/v7e-m+dp/hard\libc_nano.a(libc_a-mlock.o)
 .ARM.attributes
                0x0000000000000a35       0x32 C:/my_workspace/my_software/stm32cubeide/STM32CubeIDE_1.14.1/STM32CubeIDE/plugins/com.st.stm32cube.ide.mcu.externaltools.gnu-tools-for-stm32.11.3.rel1.win32_1.1.100.202309141235/tools/bin/../lib/gcc/arm-none-eabi/11.3.1/../../../../arm-none-eabi/lib/thumb/v7e-m+dp/hard\libc_nano.a(libc_a-fflush.o)
 .ARM.attributes
                0x0000000000000a67       0x32 C:/my_workspace/my_software/stm32cubeide/STM32CubeIDE_1.14.1/STM32CubeIDE/plugins/com.st.stm32cube.ide.mcu.externaltools.gnu-tools-for-stm32.11.3.rel1.win32_1.1.100.202309141235/tools/bin/../lib/gcc/arm-none-eabi/11.3.1/../../../../arm-none-eabi/lib/thumb/v7e-m+dp/hard\libc_nano.a(libc_a-makebuf.o)
 .ARM.attributes
                0x0000000000000a99       0x32 C:/my_workspace/my_software/stm32cubeide/STM32CubeIDE_1.14.1/STM32CubeIDE/plugins/com.st.stm32cube.ide.mcu.externaltools.gnu-tools-for-stm32.11.3.rel1.win32_1.1.100.202309141235/tools/bin/../lib/gcc/arm-none-eabi/11.3.1/../../../../arm-none-eabi/lib/thumb/v7e-m+dp/hard\libc_nano.a(libc_a-fstatr.o)
 .ARM.attributes
                0x0000000000000acb       0x32 C:/my_workspace/my_software/stm32cubeide/STM32CubeIDE_1.14.1/STM32CubeIDE/plugins/com.st.stm32cube.ide.mcu.externaltools.gnu-tools-for-stm32.11.3.rel1.win32_1.1.100.202309141235/tools/bin/../lib/gcc/arm-none-eabi/11.3.1/../../../../arm-none-eabi/lib/thumb/v7e-m+dp/hard\libc_nano.a(libc_a-isattyr.o)
 .ARM.attributes
                0x0000000000000afd       0x32 C:/my_workspace/my_software/stm32cubeide/STM32CubeIDE_1.14.1/STM32CubeIDE/plugins/com.st.stm32cube.ide.mcu.externaltools.gnu-tools-for-stm32.11.3.rel1.win32_1.1.100.202309141235/tools/bin/../lib/gcc/arm-none-eabi/11.3.1/../../../../arm-none-eabi/lib/thumb/v7e-m+dp/hard\libc_nano.a(libc_a-sbrkr.o)
 .ARM.attributes
                0x0000000000000b2f       0x1e C:/my_workspace/my_software/stm32cubeide/STM32CubeIDE_1.14.1/STM32CubeIDE/plugins/com.st.stm32cube.ide.mcu.externaltools.gnu-tools-for-stm32.11.3.rel1.win32_1.1.100.202309141235/tools/bin/../lib/gcc/arm-none-eabi/11.3.1/thumb/v7e-m+dp/hard\libgcc.a(_aeabi_uldivmod.o)
 .ARM.attributes
                0x0000000000000b4d       0x32 C:/my_workspace/my_software/stm32cubeide/STM32CubeIDE_1.14.1/STM32CubeIDE/plugins/com.st.stm32cube.ide.mcu.externaltools.gnu-tools-for-stm32.11.3.rel1.win32_1.1.100.202309141235/tools/bin/../lib/gcc/arm-none-eabi/11.3.1/thumb/v7e-m+dp/hard\libgcc.a(_udivmoddi4.o)
 .ARM.attributes
                0x0000000000000b7f       0x1e C:/my_workspace/my_software/stm32cubeide/STM32CubeIDE_1.14.1/STM32CubeIDE/plugins/com.st.stm32cube.ide.mcu.externaltools.gnu-tools-for-stm32.11.3.rel1.win32_1.1.100.202309141235/tools/bin/../lib/gcc/arm-none-eabi/11.3.1/thumb/v7e-m+dp/hard\libgcc.a(_dvmd_tls.o)
 .ARM.attributes
                0x0000000000000b9d       0x1e C:/my_workspace/my_software/stm32cubeide/STM32CubeIDE_1.14.1/STM32CubeIDE/plugins/com.st.stm32cube.ide.mcu.externaltools.gnu-tools-for-stm32.11.3.rel1.win32_1.1.100.202309141235/tools/bin/../lib/gcc/arm-none-eabi/11.3.1/thumb/v7e-m+dp/hard/crtn.o
OUTPUT(qspi_boot.elf elf32-littlearm)
LOAD linker stubs
LOAD C:/my_workspace/my_software/stm32cubeide/STM32CubeIDE_1.14.1/STM32CubeIDE/plugins/com.st.stm32cube.ide.mcu.externaltools.gnu-tools-for-stm32.11.3.rel1.win32_1.1.100.202309141235/tools/bin/../lib/gcc/arm-none-eabi/11.3.1/../../../../arm-none-eabi/lib/thumb/v7e-m+dp/hard\libc.a
LOAD C:/my_workspace/my_software/stm32cubeide/STM32CubeIDE_1.14.1/STM32CubeIDE/plugins/com.st.stm32cube.ide.mcu.externaltools.gnu-tools-for-stm32.11.3.rel1.win32_1.1.100.202309141235/tools/bin/../lib/gcc/arm-none-eabi/11.3.1/../../../../arm-none-eabi/lib/thumb/v7e-m+dp/hard\libm.a
LOAD C:/my_workspace/my_software/stm32cubeide/STM32CubeIDE_1.14.1/STM32CubeIDE/plugins/com.st.stm32cube.ide.mcu.externaltools.gnu-tools-for-stm32.11.3.rel1.win32_1.1.100.202309141235/tools/bin/../lib/gcc/arm-none-eabi/11.3.1/thumb/v7e-m+dp/hard\libgcc.a

.comment        0x0000000000000000       0x43
 .comment       0x0000000000000000       0x43 C:/my_workspace/my_software/stm32cubeide/STM32CubeIDE_1.14.1/STM32CubeIDE/plugins/com.st.stm32cube.ide.mcu.externaltools.gnu-tools-for-stm32.11.3.rel1.win32_1.1.100.202309141235/tools/bin/../lib/gcc/arm-none-eabi/11.3.1/thumb/v7e-m+dp/hard/crtbegin.o
                                         0x44 (size before relaxing)
 .comment       0x0000000000000043       0x44 ./Core/Src/delay.o
 .comment       0x0000000000000043       0x44 ./Core/Src/dma.o
 .comment       0x0000000000000043       0x44 ./Core/Src/freertos.o
 .comment       0x0000000000000043       0x44 ./Core/Src/gpio.o