16:38:45 **** Build of configuration Debug for project qspi_app ****
make -j16 all 
arm-none-eabi-gcc "../Core/Src/gpio.c" -mcpu=cortex-m7 -std=gnu11 -g3 -DDEBUG -DUSE_HAL_DRIVER -DSTM32F767xx -c -I../Core/Inc -I../Drivers/STM32F7xx_HAL_Driver/Inc -I../Drivers/STM32F7xx_HAL_Driver/Inc/Legacy -I../Drivers/CMSIS/Device/ST/STM32F7xx/Include -I../Drivers/CMSIS/Include -I../Middlewares/Third_Party/FreeRTOS/Source/include -I../Middlewares/Third_Party/FreeRTOS/Source/CMSIS_RTOS -I../Middlewares/Third_Party/FreeRTOS/Source/portable/GCC/ARM_CM7/r0p1 -O0 -ffunction-sections -fdata-sections -Wall -fstack-usage -fcyclomatic-complexity -MMD -MP -MF"Core/Src/gpio.d" -MT"Core/Src/gpio.o" --specs=nano.specs -mfpu=fpv5-d16 -mfloat-abi=hard -mthumb -o "Core/Src/gpio.o"
arm-none-eabi-gcc -o "qspi_app.elf" @"objects.list"   -mcpu=cortex-m7 -T"C:\my_workspace\stm32_ws\XIP_app\qspi_app\STM32F767IGTX_FLASH.ld" --specs=nosys.specs -Wl,-Map="qspi_app.map" -Wl,--gc-sections -static --specs=nano.specs -mfpu=fpv5-d16 -mfloat-abi=hard -mthumb -Wl,--start-group -lc -lm -Wl,--end-group
Finished building target: qspi_app.elf
 
arm-none-eabi-size  qspi_app.elf 
arm-none-eabi-objdump -h -S qspi_app.elf  > "qspi_app.list"
arm-none-eabi-objcopy  -O ihex qspi_app.elf  "qspi_app.hex"
arm-none-eabi-objcopy  -O binary qspi_app.elf  "qspi_app.bin"
   text	   data	    bss	    dec	    hex	filename
  26784	    116	 128252	 155152	  25e10	qspi_app.elf
Finished building: default.size.stdout
 
Finished building: qspi_app.bin
Finished building: qspi_app.list
Finished building: qspi_app.hex
 
 
 
